Archive member included to satisfy reference by file (symbol)

/opt/devkitpro/devkitARM/bin/../lib/gcc/arm-none-eabi/14.1.0/thumb/libgcc.a(_call_via_rX.o)
                              mm_main_gba.o (_call_via_r1)
/opt/devkitpro/devkitARM/bin/../lib/gcc/arm-none-eabi/14.1.0/thumb/libgcc.a(_aeabi_ldivmod.o)
                              bn_hw_text.o (__aeabi_ldivmod)
/opt/devkitpro/devkitARM/bin/../lib/gcc/arm-none-eabi/14.1.0/thumb/libgcc.a(_aeabi_uldivmod.o)
                              bn_hw_text.o (__aeabi_uldivmod)
/opt/devkitpro/devkitARM/bin/../lib/gcc/arm-none-eabi/14.1.0/thumb/libgcc.a(_sync_none.o)
                              (__sync_synchronize_none)
/opt/devkitpro/devkitARM/bin/../lib/gcc/arm-none-eabi/14.1.0/thumb/libgcc.a(_udivmoddi4.o)
                              /opt/devkitpro/devkitARM/bin/../lib/gcc/arm-none-eabi/14.1.0/thumb/libgcc.a(_aeabi_ldivmod.o) (__udivmoddi4)

Discarded input sections

 .text          0x00000000        0x0 /opt/devkitpro/devkitARM/bin/../lib/gcc/arm-none-eabi/14.1.0/../../../../arm-none-eabi/lib/thumb/gba_crt0.o
 .data          0x00000000        0x0 /opt/devkitpro/devkitARM/bin/../lib/gcc/arm-none-eabi/14.1.0/../../../../arm-none-eabi/lib/thumb/gba_crt0.o
 .bss           0x00000000        0x0 /opt/devkitpro/devkitARM/bin/../lib/gcc/arm-none-eabi/14.1.0/../../../../arm-none-eabi/lib/thumb/gba_crt0.o
 .text          0x00000000        0x0 /opt/devkitpro/devkitARM/bin/../lib/gcc/arm-none-eabi/14.1.0/thumb/crti.o
 .data          0x00000000        0x0 /opt/devkitpro/devkitARM/bin/../lib/gcc/arm-none-eabi/14.1.0/thumb/crti.o
 .bss           0x00000000        0x0 /opt/devkitpro/devkitARM/bin/../lib/gcc/arm-none-eabi/14.1.0/thumb/crti.o
 .text          0x00000000        0x0 /opt/devkitpro/devkitARM/bin/../lib/gcc/arm-none-eabi/14.1.0/thumb/crtbegin.o
 .data          0x00000000        0x0 /opt/devkitpro/devkitARM/bin/../lib/gcc/arm-none-eabi/14.1.0/thumb/crtbegin.o
 .bss           0x00000000        0x0 /opt/devkitpro/devkitARM/bin/../lib/gcc/arm-none-eabi/14.1.0/thumb/crtbegin.o
 .rodata.all_implied_fbits
                0x00000000       0x24 /opt/devkitpro/devkitARM/bin/../lib/gcc/arm-none-eabi/14.1.0/thumb/crtbegin.o
 .text          0x00000000        0x0 _bn_audio_soundbank.bin.o
 .data          0x00000000        0x0 _bn_audio_soundbank.bin.o
 .bss           0x00000000        0x0 _bn_audio_soundbank.bin.o
 .text          0x00000000        0x0 cursor_bn_gfx.o
 .data          0x00000000        0x0 cursor_bn_gfx.o
 .bss           0x00000000        0x0 cursor_bn_gfx.o
 .rodata        0x00000000       0x40 cursor_bn_gfx.o
 .text          0x00000000        0x0 grass_tileset_bn_gfx.o
 .data          0x00000000        0x0 grass_tileset_bn_gfx.o
 .bss           0x00000000        0x0 grass_tileset_bn_gfx.o
 .rodata        0x00000000     0x2680 grass_tileset_bn_gfx.o
 .text          0x00000000        0x0 palette_bn_gfx.o
 .data          0x00000000        0x0 palette_bn_gfx.o
 .bss           0x00000000        0x0 palette_bn_gfx.o
 .text          0x00000000        0x0 territory_map_bn_gfx.o
 .data          0x00000000        0x0 territory_map_bn_gfx.o
 .bss           0x00000000        0x0 territory_map_bn_gfx.o
 .text          0x00000000        0x0 tiles_bn_gfx.o
 .data          0x00000000        0x0 tiles_bn_gfx.o
 .bss           0x00000000        0x0 tiles_bn_gfx.o
 .rodata        0x00000000       0xe0 tiles_bn_gfx.o
 .text          0x00000000        0x0 tm_territory_markers_bn_gfx.o
 .data          0x00000000        0x0 tm_territory_markers_bn_gfx.o
 .bss           0x00000000        0x0 tm_territory_markers_bn_gfx.o
 .text          0x00000000        0x0 common_fixed_8x16_font_bn_gfx.o
 .data          0x00000000        0x0 common_fixed_8x16_font_bn_gfx.o
 .bss           0x00000000        0x0 common_fixed_8x16_font_bn_gfx.o
 .rodata        0x00000000     0x1ba0 common_fixed_8x16_font_bn_gfx.o
 .text          0x00000000        0x0 common_fixed_8x8_font_bn_gfx.o
 .data          0x00000000        0x0 common_fixed_8x8_font_bn_gfx.o
 .bss           0x00000000        0x0 common_fixed_8x8_font_bn_gfx.o
 .rodata        0x00000000      0xde0 common_fixed_8x8_font_bn_gfx.o
 .text          0x00000000        0x0 common_variable_16x16_font_bn_gfx.o
 .data          0x00000000        0x0 common_variable_16x16_font_bn_gfx.o
 .bss           0x00000000        0x0 common_variable_16x16_font_bn_gfx.o
 .rodata        0x00000000     0x3720 common_variable_16x16_font_bn_gfx.o
 .text          0x00000000        0x0 common_variable_8x16_font_bn_gfx.o
 .data          0x00000000        0x0 common_variable_8x16_font_bn_gfx.o
 .bss           0x00000000        0x0 common_variable_8x16_font_bn_gfx.o
 .rodata        0x00000000     0x1ba0 common_variable_8x16_font_bn_gfx.o
 .text          0x00000000        0x0 common_variable_8x8_font_bn_gfx.o
 .data          0x00000000        0x0 common_variable_8x8_font_bn_gfx.o
 .bss           0x00000000        0x0 common_variable_8x8_font_bn_gfx.o
[...]
Memory Configuration

Name             Origin             Length             Attributes
rom              0x08000000         0x02000000
iwram            0x03000000         0x00008000
ewram            0x02000000         0x00040000
*default*        0x00000000         0xffffffff

Linker script and memory map

                0x00000000                        __sync_synchronize = __sync_synchronize_none
                0x08000000                        __text_start = ORIGIN (rom)
                0x02040000                        __eheap_end = (ORIGIN (ewram) + LENGTH (ewram))
                0x03000000                        __iwram_start = ORIGIN (iwram)
                0x03008000                        __iwram_top = (ORIGIN (iwram) + LENGTH (iwram))
                0x03007fa0                        __sp_irq = (__iwram_top - 0x60)
                0x03007f00                        __sp_usr = (__sp_irq - 0xa0)
                0x03007ff8                        __irq_flags = 0x3007ff8
                0x08000000                        . = __text_start

.crt0           0x08000000      0x210
 *(.crt0)
 .crt0          0x08000000      0x210 /opt/devkitpro/devkitARM/bin/../lib/gcc/arm-none-eabi/14.1.0/../../../../arm-none-eabi/lib/thumb/gba_crt0.o
                0x08000000                _start
                0x080000c4                __boot_method
                0x080000c5                __slave_number
                0x080000e0                start_vector
                0x08000210                        . = ALIGN (0x4)

.init           0x08000210        0xc
 *(SORT_NONE(.init))
 .init          0x08000210        0x4 /opt/devkitpro/devkitARM/bin/../lib/gcc/arm-none-eabi/14.1.0/thumb/crti.o
                0x08000210                _init
 .init          0x08000214        0x8 /opt/devkitpro/devkitARM/bin/../lib/gcc/arm-none-eabi/14.1.0/thumb/crtn.o

.plt            0x0800021c        0x0
 *(.plt)
                0x0800021c                        . = ALIGN (0x4)

.text           0x08000220    0x12200
 *(EXCLUDE_FILE(*.iwram*) .text*)
 .text.__do_global_dtors_aux
                0x08000220       0x2c /opt/devkitpro/devkitARM/bin/../lib/gcc/arm-none-eabi/14.1.0/thumb/crtbegin.o
 .text.frame_dummy
                0x0800024c       0x24 /opt/devkitpro/devkitARM/bin/../lib/gcc/arm-none-eabi/14.1.0/thumb/crtbegin.o
 .text._ZN3_bn6assert9show_argsIJA16_ciA4_ciEEEvPKcS5_S5_iDpRKT_
                0x08000270       0x64 main.o
                0x08000270                void _bn::assert::show_args<char [16], int, char [4], int>(char const*, char const*, char const*, int, char const (&) [16], int const&, char const (&) [4], int const&)
 .text._ZN3_bn6assert9show_argsIA30_cEEvPKcS4_S4_iRKT_
                0x080002d4       0x48 main.o
                0x080002d4                void _bn::assert::show_args<char [30]>(char const*, char const*, char const*, int, char const (&) [30])
 .text.startup.main
                0x0800031c      0x22c main.o
                0x0800031c                main
 .text._ZN3_bn6assert9show_argsIA16_ciEEvPKcS4_S4_iRKT_RKT0_
                0x08000548       0x54 common_info.o
                0x08000548                void _bn::assert::show_args<char [16], int>(char const*, char const*, char const*, int, char const (&) [16], int const&)
 .text._ZN3_bn6assert9show_argsIA15_ciEEvPKcS4_S4_iRKT_RKT0_
                0x0800059c       0x54 common_stats.o
                0x0800059c                void _bn::assert::show_args<char [15], int>(char const*, char const*, char const*, int, char const (&) [15], int const&)
 .text._ZN2bn13ostringstream6appendILi12EEEvNS_7fixed_tIXT_EEE
                0x080005f0       0xa0 common_stats.o
                0x080005f0                void bn::ostringstream::append<12>(bn::fixed_t<12>)
 .text._ZN2bn13ostringstream11append_argsIiJA4_ciEEEvRKT_DpRKT0_.isra.0
                0x08000690       0x24 bn_affine_bg_animate_actions.o
 .text._ZN3_bn6assert9show_argsIA15_cEEvPKcS4_S4_iRKT_
                0x080006b4       0x48 bn_affine_bg_animate_actions.o
                0x080006b4                void _bn::assert::show_args<char [15]>(char const*, char const*, char const*, int, char const (&) [15])
 .text._ZN3_bn6assert9show_argsIA24_ciEEvPKcS4_S4_iRKT_RKT0_
                0x080006fc       0x54 bn_affine_bg_animate_actions.o
                0x080006fc                void _bn::assert::show_args<char [24], int>(char const*, char const*, char const*, int, char const (&) [24], int const&)
 .text._ZN3_bn6assert9show_argsIJA19_ciA4_ciEEEvPKcS5_S5_iDpRKT_
                0x08000750       0x58 bn_affine_bg_animate_actions.o
                0x08000750                void _bn::assert::show_args<char [19], int, char [4], int>(char const*, char const*, char const*, int, char const (&) [19], int const&, char const (&) [4], int const&)
 .text._ZN2bn13audio_manager12_GLOBAL__N_111static_dataD2Ev
                0x080007a8        0x4 bn_audio_manager.o
 .text._ZN2bn13audio_manager4initEv
                0x080007ac       0x48 bn_audio_manager.o
                0x080007ac                bn::audio_manager::init()
 .text._ZN2bn13audio_manager7disableEv
                0x080007f4        0xc bn_audio_manager.o
                0x080007f4                bn::audio_manager::disable()
 .text._ZN2bn13audio_manager10sound_dataEt
                0x08000800       0x64 bn_audio_manager.o
                0x08000800                bn::audio_manager::sound_data(unsigned short)
 .text._ZN2bn13audio_manager6updateEv
                0x08000864        0xc bn_audio_manager.o
                0x08000864                bn::audio_manager::update()
 .text._ZN2bn13audio_manager6commitEv
                0x08000870        0xc bn_audio_manager.o
                0x08000870                bn::audio_manager::commit()
 .text._ZN2bn13audio_manager4stopEv
                0x0800087c       0x6c bn_audio_manager.o
                0x0800087c                bn::audio_manager::stop()
 .text._ZN3_bn6assert9show_argsIA18_ciEEvPKcS4_S4_iRKT_RKT0_
                0x080008e8       0x54 bn_audio_manager.o
                0x080008e8                void _bn::assert::show_args<char [18], int>(char const*, char const*, char const*, int, char const (&) [18], int const&)
 .text._ZN3_bn6assert9show_argsIA14_ciEEvPKcS4_S4_iRKT_RKT0_
                0x0800093c       0x54 bn_audio_manager.o
                0x0800093c                void _bn::assert::show_args<char [14], int>(char const*, char const*, char const*, int, char const (&) [14], int const&)
 .text._ZN3_bn6assert9show_argsIA26_ciEEvPKcS4_S4_iRKT_RKT0_
                0x08000990       0x54 bn_audio_manager.o
                0x08000990                void _bn::assert::show_args<char [26], int>(char const*, char const*, char const*, int, char const (&) [26], int const&)
 .text._ZN3_bn6assert9show_argsIA33_cEEvPKcS4_S4_iRKT_
                0x080009e4       0x48 bn_audio_manager.o
                0x080009e4                void _bn::assert::show_args<char [33]>(char const*, char const*, char const*, int, char const (&) [33])
 .text._ZN3_bn6assert9show_argsIA25_cEEvPKcS4_S4_iRKT_
                0x08000a2c       0x48 bn_audio_manager.o
                0x08000a2c                void _bn::assert::show_args<char [25]>(char const*, char const*, char const*, int, char const (&) [25])
 .text._ZN3_bn6assert9show_argsIA24_cEEvPKcS4_S4_iRKT_
                0x08000a74       0x48 bn_audio_manager.o
                0x08000a74                void _bn::assert::show_args<char [24]>(char const*, char const*, char const*, int, char const (&) [24])
 .text._ZN3_bn6assert9show_argsIA26_cEEvPKcS4_S4_iRKT_
                0x08000abc       0x48 bn_audio_manager.o
                0x08000abc                void _bn::assert::show_args<char [26]>(char const*, char const*, char const*, int, char const (&) [26])
 .text._ZN3_bn6assert9show_argsIA25_ciEEvPKcS4_S4_iRKT_RKT0_
                0x08000b04       0x54 bn_audio_manager.o
                0x08000b04                void _bn::assert::show_args<char [25], int>(char const*, char const*, char const*, int, char const (&) [25], int const&)
 .text._ZN2bn13audio_manager16execute_commandsEv
                0x08000b58      0x6a8 bn_audio_manager.o
                0x08000b58                bn::audio_manager::execute_commands()
 .text._ZN3_bn6assert9show_argsIA17_cEEvPKcS4_S4_iRKT_
                0x08001200       0x48 bn_audio_manager.o
                0x08001200                void _bn::assert::show_args<char [17]>(char const*, char const*, char const*, int, char const (&) [17])
 .text.startup._GLOBAL__sub_I__ZN2bn5audio16update_on_vblankEv
                0x08001248       0x98 bn_audio_manager.o
 .text._ZN3_bn6assert9show_argsIA23_cEEvPKcS4_S4_iRKT_
                0x080012e0       0x48 bn_best_fit_allocator.o
                0x080012e0                void _bn::assert::show_args<char [23]>(char const*, char const*, char const*, int, char const (&) [23])
 .text._ZN2bn18best_fit_allocatorD2Ev
                0x08001328       0x34 bn_best_fit_allocator.o
                0x08001328                bn::best_fit_allocator::~best_fit_allocator()
                0x08001328                bn::best_fit_allocator::~best_fit_allocator()
 .text._ZN2bn18best_fit_allocator5allocEi
                0x0800135c      0x15c bn_best_fit_allocator.o
                0x0800135c                bn::best_fit_allocator::alloc(int)
 .text._ZN3_bn6assert9show_argsIA14_cEEvPKcS4_S4_iRKT_
                0x080014b8       0x48 bn_best_fit_allocator.o
                0x080014b8                void _bn::assert::show_args<char [14]>(char const*, char const*, char const*, int, char const (&) [14])
 .text._ZN3_bn6assert9show_argsIA21_cEEvPKcS4_S4_iRKT_
                0x08001500       0x48 bn_best_fit_allocator.o
                0x08001500                void _bn::assert::show_args<char [21]>(char const*, char const*, char const*, int, char const (&) [21])
 .text._ZN2bn18best_fit_allocator5resetEPvi
                0x08001548       0xbc bn_best_fit_allocator.o
                0x08001548                bn::best_fit_allocator::reset(void*, int)
 .text._ZN2bn17bg_blocks_manager12_GLOBAL__N_117_hw_commit_offsetEPKtjtPt
                0x08001604       0x78 bn_bg_blocks_manager.o
 .text._ZN2bn13ostringstream11append_argsIiJA4_ctEEEvRKT_DpRKT0_.isra.0
                0x0800167c       0x24 bn_bg_blocks_manager.o
 .text._ZN2bn13ostringstream11append_argsIiJA4_ciEEEvRKT_DpRKT0_.isra.0
                0x080016a0       0x24 bn_bg_blocks_manager.o
 .text._ZN2bn8bg_tiles16set_allow_offsetEb
                0x080016c4       0x10 bn_bg_blocks_manager.o
                0x080016c4                bn::bg_tiles::set_allow_offset(bool)
 .text._ZN2bn18regular_bg_map_ptrC2ERKS0_
                0x080016d4       0x20 bn_bg_blocks_manager.o
                0x080016d4                bn::regular_bg_map_ptr::regular_bg_map_ptr(bn::regular_bg_map_ptr const&)
                0x080016d4                bn::regular_bg_map_ptr::regular_bg_map_ptr(bn::regular_bg_map_ptr const&)
 .text._ZNK2bn18regular_bg_map_ptr2idEv
                0x080016f4       0x18 bn_bg_blocks_manager.o
                0x080016f4                bn::regular_bg_map_ptr::id() const
 .text._ZNK2bn18regular_bg_map_ptr10dimensionsEv
                0x0800170c       0x20 bn_bg_blocks_manager.o
                0x0800170c                bn::regular_bg_map_ptr::dimensions() const
 .text._ZNK2bn18regular_bg_map_ptr3bigEv
                0x0800172c       0x18 bn_bg_blocks_manager.o
                0x0800172c                bn::regular_bg_map_ptr::big() const
 .text._ZNK2bn20regular_bg_tiles_ptr3cbbEv
                0x08001744       0x18 bn_bg_blocks_manager.o
                0x08001744                bn::regular_bg_tiles_ptr::cbb() const
 .text._ZNK2bn17affine_bg_map_ptr2idEv
                0x0800175c       0x18 bn_bg_blocks_manager.o
                0x0800175c                bn::affine_bg_map_ptr::id() const
 .text._ZNK2bn17affine_bg_map_ptr10dimensionsEv
                0x08001774       0x20 bn_bg_blocks_manager.o
                0x08001774                bn::affine_bg_map_ptr::dimensions() const
 .text._ZNK2bn19affine_bg_tiles_ptr3cbbEv
                0x08001794       0x18 bn_bg_blocks_manager.o
                0x08001794                bn::affine_bg_tiles_ptr::cbb() const
 .text._ZN2bn17bg_blocks_manager10log_statusEv
                0x080017ac      0x454 bn_bg_blocks_manager.o
                0x080017ac                bn::bg_blocks_manager::log_status()
 .text._ZN2bn17bg_blocks_manager15decrease_usagesEi
                0x08001c00       0x98 bn_bg_blocks_manager.o
                0x08001c00                bn::bg_blocks_manager::decrease_usages(int)
 .text._ZN2bn18regular_bg_map_ptrD2Ev
                0x08001c98       0x18 bn_bg_blocks_manager.o
                0x08001c98                bn::regular_bg_map_ptr::~regular_bg_map_ptr()
                0x08001c98                bn::regular_bg_map_ptr::~regular_bg_map_ptr()
 .text._ZN2bn17bg_blocks_manager12_GLOBAL__N_111static_dataD2Ev
                0x08001cb0       0x54 bn_bg_blocks_manager.o
 .text._ZN2bn17bg_blocks_manager4initEv
                0x08001d04       0x8c bn_bg_blocks_manager.o
                0x08001d04                bn::bg_blocks_manager::init()
 .text._ZN2bn17bg_blocks_manager11must_commitEi
                0x08001d90       0x18 bn_bg_blocks_manager.o
                0x08001d90                bn::bg_blocks_manager::must_commit(int)
 .text._ZN2bn17bg_blocks_manager6updateEv
                0x08001da8      0x258 bn_bg_blocks_manager.o
                0x08001da8                bn::bg_blocks_manager::update()
 .text._ZN3_bn6assert9show_argsIA52_ctEEvPKcS4_S4_iRKT_RKT0_
                0x08002000       0x54 bn_bg_blocks_manager.o
                0x08002000                void _bn::assert::show_args<char [52], unsigned short>(char const*, char const*, char const*, int, char const (&) [52], unsigned short const&)
 .text._ZN3_bn6assert9show_argsIJA20_ciA4_ctEEEvPKcS5_S5_iDpRKT_
                0x08002054       0x58 bn_bg_blocks_manager.o
                0x08002054                void _bn::assert::show_args<char [20], int, char [4], unsigned short>(char const*, char const*, char const*, int, char const (&) [20], int const&, char const (&) [4], unsigned short const&)
 .text._ZN3_bn6assert9show_argsIJA22_ciA4_ciEEEvPKcS5_S5_iDpRKT_
                0x080020ac       0x58 bn_bg_blocks_manager.o
                0x080020ac                void _bn::assert::show_args<char [22], int, char [4], int>(char const*, char const*, char const*, int, char const (&) [22], int const&, char const (&) [4], int const&)
 .text._ZN3_bn6assert9show_argsIJA58_ciA4_ciEEEvPKcS5_S5_iDpRKT_
                0x08002104       0x58 bn_bg_blocks_manager.o
                0x08002104                void _bn::assert::show_args<char [58], int, char [4], int>(char const*, char const*, char const*, int, char const (&) [58], int const&, char const (&) [4], int const&)
 .text._ZN3_bn6assert9show_argsIA38_cEEvPKcS4_S4_iRKT_
                0x0800215c       0x48 bn_bg_blocks_manager.o
                0x0800215c                void _bn::assert::show_args<char [38]>(char const*, char const*, char const*, int, char const (&) [38])
 .text._ZN3_bn6assert9show_argsIA27_ciEEvPKcS4_S4_iRKT_RKT0_
                0x080021a4       0x54 bn_bg_blocks_manager.o
                0x080021a4                void _bn::assert::show_args<char [27], int>(char const*, char const*, char const*, int, char const (&) [27], int const&)
 .text._ZN2bn17bg_blocks_manager12_GLOBAL__N_110_hw_commitEPKtNS_16compression_typeEibPt
                0x080021f8       0x6c bn_bg_blocks_manager.o
 .text._ZN3_bn6assert9show_argsIA22_ciEEvPKcS4_S4_iRKT_RKT0_
                0x08002264       0x54 bn_bg_blocks_manager.o
                0x08002264                void _bn::assert::show_args<char [22], int>(char const*, char const*, char const*, int, char const (&) [22], int const&)
 .text._ZN3_bn6assert9show_argsIA19_cEEvPKcS4_S4_iRKT_
                0x080022b8       0x48 bn_bg_blocks_manager.o
                0x080022b8                void _bn::assert::show_args<char [19]>(char const*, char const*, char const*, int, char const (&) [19])
 .text._ZN2bn17bg_blocks_manager12_GLOBAL__N_116_find_tiles_implEPKtNS_16compression_typeEib
                0x08002300      0x100 bn_bg_blocks_manager.o
 .text._ZN3_bn6assert9show_argsIA22_cEEvPKcS4_S4_iRKT_
                0x08002400       0x48 bn_bg_blocks_manager.o
                0x08002400                void _bn::assert::show_args<char [22]>(char const*, char const*, char const*, int, char const (&) [22])
 .text._ZNK2bn18regular_bg_map_ptr5tilesEv
                0x08002448       0x48 bn_bg_blocks_manager.o
                0x08002448                bn::regular_bg_map_ptr::tiles() const
 .text._ZNK2bn17affine_bg_map_ptr5tilesEv
                0x08002490       0x48 bn_bg_blocks_manager.o
                0x08002490                bn::affine_bg_map_ptr::tiles() const
 .text._ZNK2bn18regular_bg_map_ptr3bppEv
                0x080024d8       0x4c bn_bg_blocks_manager.o
                0x080024d8                bn::regular_bg_map_ptr::bpp() const
 .text._ZN2bn17bg_blocks_manager21update_affine_map_rowEiii
                0x08002524      0x168 bn_bg_blocks_manager.o
                0x08002524                bn::bg_blocks_manager::update_affine_map_row(int, int, int)
 .text._ZN2bn17bg_blocks_manager28update_affine_map_bottom_rowEiii
                0x0800268c       0x2c bn_bg_blocks_manager.o
                0x0800268c                bn::bg_blocks_manager::update_affine_map_bottom_row(int, int, int)
 .text._ZN2bn17bg_blocks_manager23set_affine_map_positionEiii
                0x080026b8      0x214 bn_bg_blocks_manager.o
                0x080026b8                bn::bg_blocks_manager::set_affine_map_position(int, int, int)
 .text._ZN2bn17bg_blocks_manager21update_affine_map_colEiii
                0x080028cc      0x334 bn_bg_blocks_manager.o
                0x080028cc                bn::bg_blocks_manager::update_affine_map_col(int, int, int)
 .text._ZN2bn17bg_blocks_manager27update_affine_map_right_colEiii
                0x08002c00       0x2c bn_bg_blocks_manager.o
                0x08002c00                bn::bg_blocks_manager::update_affine_map_right_col(int, int, int)
 .text._ZN2bn17bg_blocks_manager22update_regular_map_rowEiii
                0x08002c2c      0x194 bn_bg_blocks_manager.o
                0x08002c2c                bn::bg_blocks_manager::update_regular_map_row(int, int, int)
 .text._ZN2bn17bg_blocks_manager22update_regular_map_colEiii
                0x08002dc0      0x1fc bn_bg_blocks_manager.o
                0x08002dc0                bn::bg_blocks_manager::update_regular_map_col(int, int, int)
 .text._ZN2bn17bg_blocks_manager24set_regular_map_positionEiii
                0x08002fbc      0x24c bn_bg_blocks_manager.o
                0x08002fbc                bn::bg_blocks_manager::set_regular_map_position(int, int, int)
 .text._ZN2bn17bg_blocks_manager21set_regular_map_tilesEiONS_20regular_bg_tiles_ptrE
                0x08003208      0x258 bn_bg_blocks_manager.o
                0x08003208                bn::bg_blocks_manager::set_regular_map_tiles(int, bn::regular_bg_tiles_ptr&&)
 .text._ZN2bn17bg_blocks_manager23set_regular_map_paletteEiONS_14bg_palette_ptrE
                0x08003460      0x220 bn_bg_blocks_manager.o
                0x08003460                bn::bg_blocks_manager::set_regular_map_palette(int, bn::bg_palette_ptr&&)
 .text._ZN2bn17bg_blocks_manager12_GLOBAL__N_112_commit_itemERKNS1_9item_typeEb
                0x08003680      0x1f0 bn_bg_blocks_manager.o
 .text._ZN2bn17bg_blocks_manager12_GLOBAL__N_112_create_itemEiibONS1_11create_dataE
                0x08003870      0x840 bn_bg_blocks_manager.o
 .text._ZN2bn17bg_blocks_manager12_GLOBAL__N_112_create_implEONS1_11create_dataE
                0x080040b0      0x1fc bn_bg_blocks_manager.o
 .text._ZN2bn17bg_blocks_manager19commit_uncompressedEb
                0x080042ac       0x58 bn_bg_blocks_manager.o
                0x080042ac                bn::bg_blocks_manager::commit_uncompressed(bool)
 .text._ZN2bn17bg_blocks_manager17commit_compressedEv
                0x08004304       0x48 bn_bg_blocks_manager.o
                0x08004304                bn::bg_blocks_manager::commit_compressed()
 .text._ZN3_bn6assert9show_argsIJA32_cA15_cPKtA16_ciA17_ciA34_cN2bn11string_viewEEEEvPKcSC_SC_iDpRKT_
                0x0800434c       0x90 bn_bg_blocks_manager.o
                0x0800434c                void _bn::assert::show_args<char [32], char [15], unsigned short const*, char [16], int, char [17], int, char [34], bn::string_view>(char const*, char const*, char const*, int, char const (&) [32], char const (&) [15], unsigned short const* const&, char const (&) [16], int const&, char const (&) [17], int const&, char const (&) [34], bn::string_view const&)
 .text._ZN2bn17bg_blocks_manager20create_regular_tilesERKNS_21regular_bg_tiles_itemEb
                0x080043dc      0x138 bn_bg_blocks_manager.o
                0x080043dc                bn::bg_blocks_manager::create_regular_tiles(bn::regular_bg_tiles_item const&, bool)
 .text._ZN3_bn6assert9show_argsIJA30_cA13_cPKtA14_ciA15_ciA17_ciA34_cN2bn11string_viewEEEEvPKcSD_SD_iDpRKT_
                0x08004514       0xa0 bn_bg_blocks_manager.o
                0x08004514                void _bn::assert::show_args<char [30], char [13], unsigned short const*, char [14], int, char [15], int, char [17], int, char [34], bn::string_view>(char const*, char const*, char const*, int, char const (&) [30], char const (&) [13], unsigned short const* const&, char const (&) [14], int const&, char const (&) [15], int const&, char const (&) [17], int const&, char const (&) [34], bn::string_view const&)
 .text._ZN3_bn6assert9show_argsIA31_cEEvPKcS4_S4_iRKT_
                0x080045b4       0x48 bn_bg_blocks_manager.o
                0x080045b4                void _bn::assert::show_args<char [31]>(char const*, char const*, char const*, int, char const (&) [31])
 .text._ZN2bn18regular_bg_map_ptr16reload_cells_refEv
                0x080045fc       0x58 bn_bg_blocks_manager.o
                0x080045fc                bn::regular_bg_map_ptr::reload_cells_ref()
 .text._ZN3_bn6assert9show_argsIJA37_ciA4_ciEEEvPKcS5_S5_iDpRKT_
                0x08004654       0x58 bn_bg_blocks_manager.o
                0x08004654                void _bn::assert::show_args<char [37], int, char [4], int>(char const*, char const*, char const*, int, char const (&) [37], int const&, char const (&) [4], int const&)
 .text._ZN2bn17bg_blocks_manager33set_regular_map_tiles_and_paletteEiONS_20regular_bg_tiles_ptrEONS_14bg_palette_ptrE
                0x080046ac      0x2e4 bn_bg_blocks_manager.o
                0x080046ac                bn::bg_blocks_manager::set_regular_map_tiles_and_palette(int, bn::regular_bg_tiles_ptr&&, bn::bg_palette_ptr&&)
 .text._ZN2bn17bg_blocks_manager12_GLOBAL__N_122_find_regular_map_implERKNS_19regular_bg_map_itemEPKtRKNS_20regular_bg_tiles_ptrERKNS_14bg_palette_ptrE
                0x08004990      0x2e4 bn_bg_blocks_manager.o
 .text._ZN2bn17bg_blocks_manager18create_regular_mapERKNS_19regular_bg_map_itemEPKtONS_20regular_bg_tiles_ptrEONS_14bg_palette_ptrEb
                0x08004c74      0x284 bn_bg_blocks_manager.o
                0x08004c74                bn::bg_blocks_manager::create_regular_map(bn::regular_bg_map_item const&, unsigned short const*, bn::regular_bg_tiles_ptr&&, bn::bg_palette_ptr&&, bool)
 .text._ZN2bn18regular_bg_map_ptr6createERKNS_15regular_bg_itemEi
                0x08004ef8       0xdc bn_bg_blocks_manager.o
                0x08004ef8                bn::regular_bg_map_ptr::create(bn::regular_bg_item const&, int)
 .text._ZN3_bn6assert9show_argsIA39_ciEEvPKcS4_S4_iRKT_RKT0_
                0x08004fd4       0x54 bn_bg_blocks_manager.o
                0x08004fd4                void _bn::assert::show_args<char [39], int>(char const*, char const*, char const*, int, char const (&) [39], int const&)
 .text.startup._GLOBAL__sub_I__ZN2bn7bg_maps16used_cells_countEv
                0x08005028       0x88 bn_bg_blocks_manager.o
 .text._ZN2bn11bgs_manager12_GLOBAL__N_129_check_unique_regular_big_mapERNS1_9item_typeE
                0x080050b0       0x68 bn_bgs_manager.o
 .text._ZN2bn11bgs_manager12_GLOBAL__N_111static_dataD2Ev
                0x08005118       0x10 bn_bgs_manager.o
 .text._ZN2bn11bgs_manager12_GLOBAL__N_133_update_item_hw_affine_attributesERKNS1_9item_typeE
                0x08005128       0x48 bn_bgs_manager.o
 .text._ZN2bn14regular_bg_ptr24set_blending_top_enabledEb
                0x08005170       0x3c bn_bgs_manager.o
                0x08005170                bn::regular_bg_ptr::set_blending_top_enabled(bool)
 .text._ZN2bn11bgs_manager4initEv
                0x080051ac       0x8c bn_bgs_manager.o
                0x080051ac                bn::bgs_manager::init()
 .text._ZN2bn11bgs_manager5hw_idEPv
                0x08005238        0x8 bn_bgs_manager.o
                0x08005238                bn::bgs_manager::hw_id(void*)
 .text._ZN2bn11bgs_manager11hw_positionEPv
                0x08005240        0x4 bn_bgs_manager.o
                0x08005240                bn::bgs_manager::hw_position(void*)
 .text._ZN2bn11bgs_manager14mat_attributesEPv
                0x08005244        0x4 bn_bgs_manager.o
                0x08005244                bn::bgs_manager::mat_attributes(void*)
 .text._ZN2bn11bgs_manager20update_windows_flagsEPj
                0x08005248       0x7c bn_bgs_manager.o
                0x08005248                bn::bgs_manager::update_windows_flags(unsigned int*)
 .text._ZN2bn11bgs_manager14update_camerasEv
                0x080052c4      0x14c bn_bgs_manager.o
                0x080052c4                bn::bgs_manager::update_cameras()
 .text._ZN2bn11bgs_manager28update_regular_map_tiles_cbbEii
                0x08005410       0xa8 bn_bgs_manager.o
                0x08005410                bn::bgs_manager::update_regular_map_tiles_cbb(int, int)
 .text._ZN2bn11bgs_manager30update_regular_map_palette_bppEiNS_8bpp_modeE
                0x080054b8       0xac bn_bgs_manager.o
                0x080054b8                bn::bgs_manager::update_regular_map_palette_bpp(int, bn::bpp_mode)
 .text._ZN2bn11bgs_manager36fill_hblank_effect_regular_positionsEiPKNS_7fixed_tILi12EEEPt
                0x08005564       0x38 bn_bgs_manager.o
                0x08005564                bn::bgs_manager::fill_hblank_effect_regular_positions(int, bn::fixed_t<12> const*, unsigned short*)
 .text._ZN2bn11bgs_manager45fill_hblank_effect_pivot_horizontal_positionsEPvPKNS_7fixed_tILi12EEEPj
                0x0800559c       0x24 bn_bgs_manager.o
                0x0800559c                bn::bgs_manager::fill_hblank_effect_pivot_horizontal_positions(void*, bn::fixed_t<12> const*, unsigned int*)
 .text._ZN2bn11bgs_manager43fill_hblank_effect_pivot_vertical_positionsEPvPKNS_7fixed_tILi12EEEPj
                0x080055c0       0x24 bn_bgs_manager.o
                0x080055c0                bn::bgs_manager::fill_hblank_effect_pivot_vertical_positions(void*, bn::fixed_t<12> const*, unsigned int*)
 .text._ZN2bn11bgs_manager6commitEb
                0x080055e4       0x58 bn_bgs_manager.o
                0x080055e4                bn::bgs_manager::commit(bool)
 .text._ZN2bn11bgs_manager4stopEv
                0x0800563c       0x28 bn_bgs_manager.o
                0x0800563c                bn::bgs_manager::stop()
 .text._ZN3_bn6assert9show_argsIA17_ciEEvPKcS4_S4_iRKT_RKT0_
                0x08005664       0x54 bn_bgs_manager.o
                0x08005664                void _bn::assert::show_args<char [17], int>(char const*, char const*, char const*, int, char const (&) [17], int const&)
 .text._ZN3_bn6assert9show_argsIA27_cEEvPKcS4_S4_iRKT_
                0x080056b8       0x48 bn_bgs_manager.o
                0x080056b8                void _bn::assert::show_args<char [27]>(char const*, char const*, char const*, int, char const (&) [27])
 .text._ZN3_bn6assert9show_argsIA46_cEEvPKcS4_S4_iRKT_
                0x08005700       0x48 bn_bgs_manager.o
                0x08005700                void _bn::assert::show_args<char [46]>(char const*, char const*, char const*, int, char const (&) [46])
 .text._ZN2bn11bgs_manager15rebuild_handlesEv.part.0
                0x08005748      0x1a8 bn_bgs_manager.o
 .text._ZN2bn18regular_bg_builder11release_mapEv
                0x080058f0       0x78 bn_bgs_manager.o
                0x080058f0                bn::regular_bg_builder::release_map()
 .text._ZN2bn11bgs_manager37fill_hblank_effect_regular_attributesEPvPKNS_21regular_bg_attributesEPt
                0x08005968      0x100 bn_bgs_manager.o
                0x08005968                bn::bgs_manager::fill_hblank_effect_regular_attributes(void*, bn::regular_bg_attributes const*, unsigned short*)
 .text._ZN2bn11bgs_manager6updateEv
                0x08005a68      0x16c bn_bgs_manager.o
                0x08005a68                bn::bgs_manager::update()
 .text._ZN2bn11bgs_manager15commit_big_mapsEv
                0x08005bd4      0x1d0 bn_bgs_manager.o
                0x08005bd4                bn::bgs_manager::commit_big_maps()
 .text._ZN2bn11bgs_manager12_GLOBAL__N_19item_type18update_regular_mapEv
                0x08005da4      0x1c8 bn_bgs_manager.o
 .text._ZN2bn11bgs_manager36fill_hblank_effect_affine_attributesEPvPKNS_20affine_bg_attributesEPt
                0x08005f6c      0x104 bn_bgs_manager.o
                0x08005f6c                bn::bgs_manager::fill_hblank_effect_affine_attributes(void*, bn::affine_bg_attributes const*, unsigned short*)
 .text._ZN2bn11bgs_manager10affine_mapEPv
                0x08006070       0x34 bn_bgs_manager.o
                0x08006070                bn::bgs_manager::affine_map(void*)
 .text._ZN2bn11bgs_manager11regular_mapEPv
                0x080060a4       0x34 bn_bgs_manager.o
                0x080060a4                bn::bgs_manager::regular_map(void*)
 .text._ZNK2bn14regular_bg_ptr3mapEv
                0x080060d8       0x38 bn_bgs_manager.o
                0x080060d8                bn::regular_bg_ptr::map() const
 .text._ZN2bn11bgs_manager12_GLOBAL__N_112_insert_itemERNS1_9item_typeE
                0x08006110      0x104 bn_bgs_manager.o
 .text._ZN3_bn6assert9show_argsIA13_cEEvPKcS4_S4_iRKT_
                0x08006214       0x48 bn_bgs_manager.o
                0x08006214                void _bn::assert::show_args<char [13]>(char const*, char const*, char const*, int, char const (&) [13])
 .text._ZN2bn11bgs_manager6createEONS_18regular_bg_builderE
                0x0800625c      0x1d4 bn_bgs_manager.o
                0x0800625c                bn::bgs_manager::create(bn::regular_bg_builder&&)
 .text._ZNK2bn15regular_bg_item9create_bgENS_7fixed_tILi12EEES2_
                0x08006430       0x78 bn_bgs_manager.o
                0x08006430                bn::regular_bg_item::create_bg(bn::fixed_t<12>, bn::fixed_t<12>) const
 .text.startup._GLOBAL__sub_I__ZN2bn3bgs16used_items_countEv
                0x080064a8       0x90 bn_bgs_manager.o
 .text._ZN2bn10camera_ptrD2Ev
                0x08006538       0x38 bn_cameras_manager.o
                0x08006538                bn::camera_ptr::~camera_ptr()
                0x08006538                bn::camera_ptr::~camera_ptr()
 .text._ZNK2bn10camera_ptr8positionEv
                0x08006570       0x14 bn_cameras_manager.o
                0x08006570                bn::camera_ptr::position() const
 .text._ZN2bn15cameras_manager4initEv
                0x08006584       0x24 bn_cameras_manager.o
                0x08006584                bn::cameras_manager::init()
 .text._ZN2bn15cameras_manager6updateEv
                0x080065a8       0x28 bn_cameras_manager.o
                0x080065a8                bn::cameras_manager::update()
 .text.startup._GLOBAL__sub_I__ZN2bn7cameras16used_items_countEv
                0x080065d0       0x24 bn_cameras_manager.o
 .text._ZN2bn4core12_GLOBAL__N_14stopEb
                0x080065f4       0x54 bn_core.o
 .text._ZN2bn4core12_GLOBAL__N_111update_implEv
                0x08006648      0x110 bn_core.o
 .text._ZN2bn11string_viewC2EPKc
                0x08006758       0x1c bn_core.o
                0x08006758                bn::string_view::string_view(char const*)
                0x08006758                bn::string_view::string_view(char const*)
 .text._ZN3_bn6assert12_GLOBAL__N_110_show_implEPKcS3_S3_iRKN2bn11string_viewE
                0x08006774       0x80 bn_core.o
 .text._ZN2bn4core6updateEv
                0x080067f4       0x78 bn_core.o
                0x080067f4                bn::core::update()
 .text._ZN2bn4core4initERKNS_8optionalINS_5colorEEERKNS_11string_viewE
                0x0800686c      0x128 bn_core.o
                0x0800686c                bn::core::init(bn::optional<bn::color> const&, bn::string_view const&)
 .text._ZN2bn4core4initEv
                0x08006994       0x24 bn_core.o
                0x08006994                bn::core::init()
 .text._ZN2bn4core9on_vblankEv
                0x080069b8       0x2c bn_core.o
                0x080069b8                bn::core::on_vblank()
 .text._ZN3_bn6assert4showEPKcS2_S2_iRKN2bn12istring_baseE
                0x080069e4       0x18 bn_core.o
                0x080069e4                _bn::assert::show(char const*, char const*, char const*, int, bn::istring_base const&)
 .text.startup._GLOBAL__sub_I__ZN2bn4core4initEv
                0x080069fc       0x4c bn_core.o
 .text._ZN2bn15display_manager12_GLOBAL__N_111static_dataD2Ev
                0x08006a48       0x34 bn_display_manager.o
 .text._ZN2bn15display_manager12_GLOBAL__N_134_update_rect_windows_hw_boundariesEi
                0x08006a7c       0x7c bn_display_manager.o
 .text._ZN2bn15display_manager4initEv
                0x08006af8       0xa4 bn_display_manager.o
                0x08006af8                bn::display_manager::init()
 .text._ZN2bn15display_manager8set_modeEi
                0x08006b9c       0x1c bn_display_manager.o
                0x08006b9c                bn::display_manager::set_mode(int)
 .text._ZN2bn15display_manager14set_bg_enabledEib
                0x08006bb8       0x18 bn_display_manager.o
                0x08006bb8                bn::display_manager::set_bg_enabled(int, bool)
 .text._ZN2bn15display_manager15disable_all_bgsEv
                0x08006bd0       0x14 bn_display_manager.o
                0x08006bd0                bn::display_manager::disable_all_bgs()
 .text._ZN2bn15display_manager36fill_mosaic_hblank_effect_attributesEPKNS_17mosaic_attributesEPt
                0x08006be4       0xb4 bn_display_manager.o
                0x08006be4                bn::display_manager::fill_mosaic_hblank_effect_attributes(bn::mosaic_attributes const*, unsigned short*)
 .text._ZN2bn15display_manager27set_blending_top_bg_enabledEib
                0x08006c98       0x20 bn_display_manager.o
                0x08006c98                bn::display_manager::set_blending_top_bg_enabled(int, bool)
 .text._ZN2bn15display_manager30set_blending_bottom_bg_enabledEib
                0x08006cb8       0x20 bn_display_manager.o
                0x08006cb8                bn::display_manager::set_blending_bottom_bg_enabled(int, bool)
 .text._ZN2bn15display_manager32blending_transparency_top_weightEv
                0x08006cd8       0x18 bn_display_manager.o
                0x08006cd8                bn::display_manager::blending_transparency_top_weight()
 .text._ZN2bn15display_manager35blending_transparency_bottom_weightEv
                0x08006cf0       0x28 bn_display_manager.o
                0x08006cf0                bn::display_manager::blending_transparency_bottom_weight()
 .text._ZN2bn15display_manager51fill_blending_transparency_hblank_effect_attributesEPKNS_32blending_transparency_attributesEPt
                0x08006d18       0x30 bn_display_manager.o
                0x08006d18                bn::display_manager::fill_blending_transparency_hblank_effect_attributes(bn::blending_transparency_attributes const*, unsigned short*)
 .text._ZN2bn15display_manager21blending_fade_enabledEv
                0x08006d48        0xc bn_display_manager.o
                0x08006d48                bn::display_manager::blending_fade_enabled()
 .text._ZN2bn15display_manager39fill_blending_fade_hblank_effect_alphasEPKNS_19blending_fade_alphaEPt
                0x08006d54       0x24 bn_display_manager.o
                0x08006d54                bn::display_manager::fill_blending_fade_hblank_effect_alphas(bn::blending_fade_alpha const*, unsigned short*)
 .text._ZN2bn15display_manager26update_windows_visible_bgsEv
                0x08006d78       0x14 bn_display_manager.o
                0x08006d78                bn::display_manager::update_windows_visible_bgs()
 .text._ZN2bn15display_manager36rect_window_hw_horizontal_boundariesEi
                0x08006d8c       0x18 bn_display_manager.o
                0x08006d8c                bn::display_manager::rect_window_hw_horizontal_boundaries(int)
 .text._ZN2bn15display_manager34rect_window_hw_vertical_boundariesEi
                0x08006da4       0x18 bn_display_manager.o
                0x08006da4                bn::display_manager::rect_window_hw_vertical_boundaries(int)
 .text._ZN2bn15display_manager52fill_rect_window_hblank_effect_horizontal_boundariesERKSt4pairIiiEPKS1_INS_7fixed_tILi12EEES6_EPt
                0x08006dbc      0x134 bn_display_manager.o
                0x08006dbc                bn::display_manager::fill_rect_window_hblank_effect_horizontal_boundaries(std::pair<int, int> const&, std::pair<bn::fixed_t<12>, bn::fixed_t<12> > const*, unsigned short*)
 .text._ZN2bn15display_manager50fill_rect_window_hblank_effect_vertical_boundariesERKSt4pairIiiEPKS1_INS_7fixed_tILi12EEES6_EPt
                0x08006ef0      0x134 bn_display_manager.o
                0x08006ef0                bn::display_manager::fill_rect_window_hblank_effect_vertical_boundaries(std::pair<int, int> const&, std::pair<bn::fixed_t<12>, bn::fixed_t<12> > const*, unsigned short*)
 .text._ZN2bn15display_manager36fill_green_swap_hblank_effect_statesEPKbPt
                0x08007024       0x38 bn_display_manager.o
                0x08007024                bn::display_manager::fill_green_swap_hblank_effect_states(bool const*, unsigned short*)
 .text._ZN2bn15display_manager14update_camerasEv
                0x0800705c       0x40 bn_display_manager.o
                0x0800705c                bn::display_manager::update_cameras()
 .text._ZN2bn15display_manager6updateEv
                0x0800709c      0x254 bn_display_manager.o
                0x0800709c                bn::display_manager::update()
 .text._ZN2bn15display_manager6commitEv
                0x080072f0      0x12c bn_display_manager.o
                0x080072f0                bn::display_manager::commit()
 .text._ZN2bn15display_manager4stopEv
                0x0800741c       0x28 bn_display_manager.o
                0x0800741c                bn::display_manager::stop()
 .text._ZN3_bn6assert9show_argsIA66_cEEvPKcS4_S4_iRKT_
                0x08007444       0x48 bn_display_manager.o
                0x08007444                void _bn::assert::show_args<char [66]>(char const*, char const*, char const*, int, char const (&) [66])
 .text._ZN3_bn6assert9show_argsIA29_cN2bn7fixed_tILi12EEEEEvPKcS7_S7_iRKT_RKT0_
                0x0800748c       0x54 bn_display_manager.o
                0x0800748c                void _bn::assert::show_args<char [29], bn::fixed_t<12> >(char const*, char const*, char const*, int, char const (&) [29], bn::fixed_t<12> const&)
 .text._ZN2bn8blending22set_transparency_alphaENS_7fixed_tILi12EEE
                0x080074e0       0x94 bn_display_manager.o
                0x080074e0                bn::blending::set_transparency_alpha(bn::fixed_t<12>)
 .text.startup._GLOBAL__sub_I__ZNK2bn6window7show_bgERKNS_14regular_bg_ptrE
                0x08007574       0xa4 bn_display_manager.o
 .text._ZN2bn12gpio_manager5sleepEv
                0x08007618       0x28 bn_gpio_manager.o
                0x08007618                bn::gpio_manager::sleep()
 .text._ZN2bn22hblank_effects_manager12_GLOBAL__N_19item_type18_output_values_ptrEv
                0x08007640       0x40 bn_hblank_effects_manager.o
 .text._ZN2bn22hblank_effects_manager7disableEv
                0x08007680       0x24 bn_hblank_effects_manager.o
                0x08007680                bn::hblank_effects_manager::disable()
 .text._ZN2bn22hblank_effects_manager6commitEv
                0x080076a4       0x78 bn_hblank_effects_manager.o
                0x080076a4                bn::hblank_effects_manager::commit()
 .text._ZN2bn22hblank_effects_manager12_GLOBAL__N_110_is_uint32ENS0_12handler_typeE
                0x0800771c       0x64 bn_hblank_effects_manager.o
 .text._ZN2bn22hblank_effects_manager12_GLOBAL__N_19item_type12check_updateEv
                0x08007780     0x1640 bn_hblank_effects_manager.o
 .text._ZN3_bn6assert9show_argsIA18_cEEvPKcS4_S4_iRKT_
                0x08008dc0       0x48 bn_hblank_effects_manager.o
                0x08008dc0                void _bn::assert::show_args<char [18]>(char const*, char const*, char const*, int, char const (&) [18])
 .text._ZN2bn22hblank_effects_manager6updateEv
                0x08008e08      0x1ec bn_hblank_effects_manager.o
                0x08008e08                bn::hblank_effects_manager::update()
 .text._ZN2bn22hblank_effects_manager4initEv
                0x08008ff4      0x190 bn_hblank_effects_manager.o
                0x08008ff4                bn::hblank_effects_manager::init()
 .text.startup._GLOBAL__sub_I__ZN2bn4hbes10used_countEv
                0x08009184       0xe8 bn_hblank_effects_manager.o
 .text._ZN2bn12hdma_manager4initEv
                0x0800926c       0x40 bn_hdma_manager.o
                0x0800926c                bn::hdma_manager::init()
 .text._ZN2bn12hdma_manager10force_stopEv
                0x080092ac       0x3c bn_hdma_manager.o
                0x080092ac                bn::hdma_manager::force_stop()
 .text._ZN2bn12hdma_manager7disableEv
                0x080092e8       0x30 bn_hdma_manager.o
                0x080092e8                bn::hdma_manager::disable()
 .text._ZN2bn12hdma_manager6updateEv
                0x08009318       0x6c bn_hdma_manager.o
                0x08009318                bn::hdma_manager::update()
 .text._ZN2bn12hdma_manager6commitEb
                0x08009384      0x120 bn_hdma_manager.o
                0x08009384                bn::hdma_manager::commit(bool)
 .text.startup._GLOBAL__sub_I__ZN2bn4hdma7runningEv
                0x080094a4       0x34 bn_hdma_manager.o
 .text._ZN2bn14keypad_manager4stopEv
                0x080094d8        0x4 bn_keypad_manager.o
                0x080094d8                bn::keypad_manager::stop()
 .text._ZN2bn14keypad_manager6updateEv
                0x080094dc       0xa8 bn_keypad_manager.o
                0x080094dc                bn::keypad_manager::update()
 .text._ZN2bn14keypad_manager4initERKNS_11string_viewE
                0x08009584       0x64 bn_keypad_manager.o
                0x08009584                bn::keypad_manager::init(bn::string_view const&)
 .text._ZN3_bn6assert9show_argsIA16_cEEvPKcS4_S4_iRKT_
                0x080095e8       0x48 bn_keypad_manager.o
                0x080095e8                void _bn::assert::show_args<char [16]>(char const*, char const*, char const*, int, char const (&) [16])
 .text._ZN2bn12link_manager4initEv
                0x08009630        0xc bn_link_manager.o
                0x08009630                bn::link_manager::init()
 .text._ZN2bn12link_manager6activeEv
                0x0800963c        0xc bn_link_manager.o
                0x0800963c                bn::link_manager::active()
 .text._ZN2bn12link_manager7disableEv
                0x08009648       0x18 bn_link_manager.o
                0x08009648                bn::link_manager::disable()
 .text._ZN2bn14memory_manager12_GLOBAL__N_111static_dataD2Ev
                0x08009660       0x10 bn_memory_manager.o
 .text._ZN3_bn6memory23unsafe_clear_half_wordsEiPv
                0x08009670       0x14 bn_memory_manager.o
                0x08009670                _bn::memory::unsafe_clear_half_words(int, void*)
 .text._ZN2bn14memory_manager4initEv
                0x08009684       0x2c bn_memory_manager.o
                0x08009684                bn::memory_manager::init()
 .text._ZN3_bn6assert9show_argsIA35_cjEEvPKcS4_S4_iRKT_RKT0_
                0x080096b0       0x54 bn_memory_manager.o
                0x080096b0                void _bn::assert::show_args<char [35], unsigned int>(char const*, char const*, char const*, int, char const (&) [35], unsigned int const&)
 .text._Znwj    0x08009704       0x40 bn_memory_manager.o
                0x08009704                operator new(unsigned int)
 .text.startup._GLOBAL__sub_I__Znwj
                0x08009744       0x20 bn_memory_manager.o
 .text._ZN2bn16palettes_manager12_GLOBAL__N_111static_dataD2Ev
                0x08009764        0x4 bn_palettes_manager.o
 .text._ZN2bn2hw8palettes9grayscaleEPKNS_5colorEiiPS2_.part.0
                0x08009768       0x40 bn_palettes_manager.o
 .text._ZN2bn14bg_palette_ptrC2ERKS0_
                0x080097a8       0x2c bn_palettes_manager.o
                0x080097a8                bn::bg_palette_ptr::bg_palette_ptr(bn::bg_palette_ptr const&)
                0x080097a8                bn::bg_palette_ptr::bg_palette_ptr(bn::bg_palette_ptr const&)
 .text._ZNK2bn14bg_palette_ptr3bppEv
                0x080097d4       0x20 bn_palettes_manager.o
                0x080097d4                bn::bg_palette_ptr::bpp() const
 .text._ZNK2bn18sprite_palette_ptr3bppEv
                0x080097f4       0x1c bn_palettes_manager.o
                0x080097f4                bn::sprite_palette_ptr::bpp() const
 .text._ZNK2bn13palettes_bank10log_statusEv
                0x08009810      0x17c bn_palettes_manager.o
                0x08009810                bn::palettes_bank::log_status() const
 .text._ZN2bn13palettes_bank10find_bpp_4ERKNS_4spanIKNS_5colorEEEt
                0x0800998c      0x118 bn_palettes_manager.o
                0x0800998c                bn::palettes_bank::find_bpp_4(bn::span<bn::color const> const&, unsigned short)
 .text._ZNK2bn13palettes_bank20retrieve_commit_dataEv
                0x08009aa4       0x4c bn_palettes_manager.o
                0x08009aa4                bn::palettes_bank::retrieve_commit_data() const
 .text._ZNK2bn13palettes_bank21_apply_global_effectsEiPNS_5colorE
                0x08009af0      0x13c bn_palettes_manager.o
                0x08009af0                bn::palettes_bank::_apply_global_effects(int, bn::color*) const
 .text._ZNK2bn13palettes_bank25fill_hblank_effect_colorsEPKNS_5colorEPt
                0x08009c2c       0x30 bn_palettes_manager.o
                0x08009c2c                bn::palettes_bank::fill_hblank_effect_colors(bn::color const*, unsigned short*) const
 .text._ZNK2bn13palettes_bank7palette13apply_effectsEiPNS_5colorE
                0x08009c5c       0xbc bn_palettes_manager.o
                0x08009c5c                bn::palettes_bank::palette::apply_effects(int, bn::color*) const
 .text._ZNK2bn13palettes_bank25fill_hblank_effect_colorsEiPKNS_5colorEPt
                0x08009d18       0x44 bn_palettes_manager.o
                0x08009d18                bn::palettes_bank::fill_hblank_effect_colors(int, bn::color const*, unsigned short*) const
 .text._ZN2bn13palettes_bank15_update_paletteEi
                0x08009d5c       0x7c bn_palettes_manager.o
                0x08009d5c                bn::palettes_bank::_update_palette(int)
 .text._ZN2bn13palettes_bank6updateEv
                0x08009dd8      0x134 bn_palettes_manager.o
                0x08009dd8                bn::palettes_bank::update()
 .text._ZN2bn13palettes_bankC2Ev
                0x08009f0c       0xd4 bn_palettes_manager.o
                0x08009f0c                bn::palettes_bank::palettes_bank()
                0x08009f0c                bn::palettes_bank::palettes_bank()
 .text._ZN2bn16palettes_manager4initERKNS_8optionalINS_5colorEEE
                0x08009fe0      0x184 bn_palettes_manager.o
                0x08009fe0                bn::palettes_manager::init(bn::optional<bn::color> const&)
 .text._ZN2bn16palettes_manager20sprite_palettes_bankEv
                0x0800a164        0x8 bn_palettes_manager.o
                0x0800a164                bn::palettes_manager::sprite_palettes_bank()
 .text._ZN2bn16palettes_manager16bg_palettes_bankEv
                0x0800a16c        0x8 bn_palettes_manager.o
                0x0800a16c                bn::palettes_manager::bg_palettes_bank()
 .text._ZN2bn16palettes_manager6updateEv
                0x0800a174       0x20 bn_palettes_manager.o
                0x0800a174                bn::palettes_manager::update()
 .text._ZN2bn16palettes_manager6commitEb
                0x0800a194      0x104 bn_palettes_manager.o
                0x0800a194                bn::palettes_manager::commit(bool)
 .text._ZN2bn16palettes_manager4stopEv
                0x0800a298       0x20 bn_palettes_manager.o
                0x0800a298                bn::palettes_manager::stop()
 .text._ZN3_bn6assert9show_argsIA35_cEEvPKcS4_S4_iRKT_
                0x0800a2b8       0x48 bn_palettes_manager.o
                0x0800a2b8                void _bn::assert::show_args<char [35]>(char const*, char const*, char const*, int, char const (&) [35])
 .text._ZN2bn13palettes_bank11colors_hashERKNS_4spanIKNS_5colorEEE
                0x0800a300       0x48 bn_palettes_manager.o
                0x0800a300                bn::palettes_bank::colors_hash(bn::span<bn::color const> const&)
 .text._ZN3_bn6assert9show_argsIJA43_ciA36_cA42_cEEEvPKcS6_S6_iDpRKT_
                0x0800a348       0x64 bn_palettes_manager.o
                0x0800a348                void _bn::assert::show_args<char [43], int, char [36], char [42]>(char const*, char const*, char const*, int, char const (&) [43], int const&, char const (&) [36], char const (&) [42])
 .text._ZN2bn13palettes_bank12create_bpp_8ERKNS_4spanIKNS_5colorEEENS_16compression_typeEb
                0x0800a3ac      0x230 bn_palettes_manager.o
                0x0800a3ac                bn::palettes_bank::create_bpp_8(bn::span<bn::color const> const&, bn::compression_type, bool)
 .text._ZNK2bn15bg_palette_item10decompressENS_4spanINS_5colorEEE
                0x0800a5dc      0x16c bn_palettes_manager.o
                0x0800a5dc                bn::bg_palette_item::decompress(bn::span<bn::color>) const
 .text._ZN2bn13palettes_bank12create_bpp_4ERKNS_4spanIKNS_5colorEEEtb
                0x0800a748      0x284 bn_palettes_manager.o
                0x0800a748                bn::palettes_bank::create_bpp_4(bn::span<bn::color const> const&, unsigned short, bool)
 .text._ZN2bn12_GLOBAL__N_112_create_implERKNS_15bg_palette_itemEb
                0x0800a9cc       0x94 bn_palettes_manager.o
 .text._ZN2bn14bg_palette_ptr6createERKNS_15bg_palette_itemE
                0x0800aa60       0x54 bn_palettes_manager.o
                0x0800aa60                bn::bg_palette_ptr::create(bn::bg_palette_item const&)
 .text._ZNK2bn15bg_palette_item14create_paletteEv
                0x0800aab4       0x10 bn_palettes_manager.o
                0x0800aab4                bn::bg_palette_item::create_palette() const
 .text._ZN2bn14iunordered_mapItsNS_15identity_hasherENS_8equal_toItEEE5eraseERKNS4_14const_iteratorE.isra.0
                0x0800aac4      0x1b4 bn_palettes_manager.o
 .text._ZN2bn13palettes_bank15decrease_usagesEi
                0x0800ac78       0xd8 bn_palettes_manager.o
                0x0800ac78                bn::palettes_bank::decrease_usages(int)
 .text._ZN2bn14bg_palette_ptraSERKS0_
                0x0800ad50       0x4c bn_palettes_manager.o
                0x0800ad50                bn::bg_palette_ptr::operator=(bn::bg_palette_ptr const&)
 .text._ZN2bn14bg_palette_ptrD2Ev
                0x0800ad9c       0x20 bn_palettes_manager.o
                0x0800ad9c                bn::bg_palette_ptr::~bg_palette_ptr()
                0x0800ad9c                bn::bg_palette_ptr::~bg_palette_ptr()
 .text.startup._GLOBAL__sub_I__ZN2bn11bg_palettes17used_colors_countEv
                0x0800adbc       0x34 bn_palettes_manager.o
 .text._ZN2bn26sprite_affine_mats_manager12_GLOBAL__N_119_sprite_double_sizeILi32ELi16EEEbiiiii
                0x0800adf0       0x84 bn_sprite_affine_mats_manager.o
 .text._ZN2bn26sprite_affine_mats_manager12_GLOBAL__N_119_sprite_double_sizeILi16ELi32EEEbiiiii
                0x0800ae74       0x84 bn_sprite_affine_mats_manager.o
 .text._ZN2bn26sprite_affine_mats_manager12_GLOBAL__N_111static_dataD2Ev
                0x0800aef8       0x3c bn_sprite_affine_mats_manager.o
 .text._ZNK2bn26sprite_affine_mats_manager12_GLOBAL__N_19item_type18sprite_double_sizeEiRKNS_17sprite_shape_sizeE.isra.0
                0x0800af34      0x1ac bn_sprite_affine_mats_manager.o
 .text._ZNK2bn21sprite_affine_mat_ptr15horizontal_flipEv
                0x0800b0e0       0x18 bn_sprite_affine_mats_manager.o
                0x0800b0e0                bn::sprite_affine_mat_ptr::horizontal_flip() const
 .text._ZNK2bn21sprite_affine_mat_ptr13vertical_flipEv
                0x0800b0f8       0x18 bn_sprite_affine_mats_manager.o
                0x0800b0f8                bn::sprite_affine_mat_ptr::vertical_flip() const
 .text._ZN2bn26sprite_affine_mats_manager20retrieve_commit_dataEv
                0x0800b110       0x38 bn_sprite_affine_mats_manager.o
                0x0800b110                bn::sprite_affine_mats_manager::retrieve_commit_data()
 .text._ZN2bn26sprite_affine_mats_manager15decrease_usagesEi.part.0
                0x0800b148       0x70 bn_sprite_affine_mats_manager.o
 .text._ZN2bn21sprite_affine_mat_ptrD2Ev
                0x0800b1b8       0x34 bn_sprite_affine_mats_manager.o
                0x0800b1b8                bn::sprite_affine_mat_ptr::~sprite_affine_mat_ptr()
                0x0800b1b8                bn::sprite_affine_mat_ptr::~sprite_affine_mat_ptr()
 .text._ZN2bn26sprite_affine_mats_manager6updateEv
                0x0800b1ec      0x2d0 bn_sprite_affine_mats_manager.o
                0x0800b1ec                bn::sprite_affine_mats_manager::update()
 .text._ZN2bn26sprite_affine_mats_manager4initEPv
                0x0800b4bc      0x108 bn_sprite_affine_mats_manager.o
                0x0800b4bc                bn::sprite_affine_mats_manager::init(void*)
 .text._ZN2bn26sprite_affine_mats_manager14dettach_spriteEiRNS_24intrusive_list_node_typeE
                0x0800b5c4       0x50 bn_sprite_affine_mats_manager.o
                0x0800b5c4                bn::sprite_affine_mats_manager::dettach_sprite(int, bn::intrusive_list_node_type&)
 .text.startup._GLOBAL__sub_I__ZN2bn18sprite_affine_mats10used_countEv
                0x0800b614       0xb4 bn_sprite_affine_mats_manager.o
 .text._ZNK2bn16sprite_tiles_ptr2idEv
                0x0800b6c8       0x18 bn_sprite_tiles_manager.o
                0x0800b6c8                bn::sprite_tiles_ptr::id() const
 .text._ZNK2bn16sprite_tiles_ptr11tiles_countEv
                0x0800b6e0       0x18 bn_sprite_tiles_manager.o
                0x0800b6e0                bn::sprite_tiles_ptr::tiles_count() const
 .text._ZN2bn20sprite_tiles_manager19commit_uncompressedEb
                0x0800b6f8       0xdc bn_sprite_tiles_manager.o
                0x0800b6f8                bn::sprite_tiles_manager::commit_uncompressed(bool)
 .text._ZN2bn20sprite_tiles_manager12_GLOBAL__N_110_hw_commitEPKNS_4tileENS_16compression_typeEii
                0x0800b7d4       0x9c bn_sprite_tiles_manager.o
 .text._ZN2bn20sprite_tiles_manager17commit_compressedEv
                0x0800b870       0x68 bn_sprite_tiles_manager.o
                0x0800b870                bn::sprite_tiles_manager::commit_compressed()
 .text._ZN2bn20sprite_tiles_manager4initEv
                0x0800b8d8      0x190 bn_sprite_tiles_manager.o
                0x0800b8d8                bn::sprite_tiles_manager::init()
 .text._ZN2bn20sprite_tiles_manager12_GLOBAL__N_117_insert_free_itemEiPt
                0x0800ba68       0xcc bn_sprite_tiles_manager.o
 .text._ZN2bn20sprite_tiles_manager12_GLOBAL__N_116_erase_free_itemEi
                0x0800bb34       0xe4 bn_sprite_tiles_manager.o
 .text._ZN2bn14iunordered_mapIPKNS_4tileEiNS_4hashIS3_EENS_8equal_toIS3_EEE5eraseERKNS8_14const_iteratorE.isra.0
                0x0800bc18      0x1b4 bn_sprite_tiles_manager.o
 .text._ZN2bn20sprite_tiles_manager6updateEv
                0x0800bdcc      0x238 bn_sprite_tiles_manager.o
                0x0800bdcc                bn::sprite_tiles_manager::update()
 .text.startup._GLOBAL__sub_I__ZN2bn12sprite_tiles16used_tiles_countEv
                0x0800c004      0x12c bn_sprite_tiles_manager.o
 .text._ZN2bn15sprites_manager12_GLOBAL__N_132_always_update_indexes_to_commitERKNS_20sprites_manager_itemE
                0x0800c130       0x48 bn_sprites_manager.o
 .text._ZN2bn15sprites_manager12_GLOBAL__N_111static_dataD2Ev
                0x0800c178       0x44 bn_sprites_manager.o
 .text._ZN2bn13ostringstream11append_argsIiJA4_ciEEEvRKT_DpRKT0_.isra.0
                0x0800c1bc       0x24 bn_sprites_manager.o
 .text._ZN2bn15sprites_manager12_GLOBAL__N_123_update_item_dimensionsERNS_20sprites_manager_itemE
                0x0800c1e0       0xc8 bn_sprites_manager.o
 .text._ZN2bn15sprites_manager4initEv
                0x0800c2a8       0xd0 bn_sprites_manager.o
                0x0800c2a8                bn::sprites_manager::init()
 .text._ZN2bn15sprites_manager5hw_idEPv
                0x0800c378        0x8 bn_sprites_manager.o
                0x0800c378                bn::sprites_manager::hw_id(void*)
 .text._ZN2bn15sprites_manager5shapeEPv
                0x0800c380        0x8 bn_sprites_manager.o
                0x0800c380                bn::sprites_manager::shape(void*)
 .text._ZN2bn15sprites_manager4sizeEPv
                0x0800c388        0x8 bn_sprites_manager.o
                0x0800c388                bn::sprites_manager::size(void*)
 .text._ZN2bn15sprites_manager10shape_sizeEPv
                0x0800c390       0x14 bn_sprites_manager.o
                0x0800c390                bn::sprites_manager::shape_size(void*)
 .text._ZN2bn15sprites_manager11hw_positionEPv
                0x0800c3a4        0x4 bn_sprites_manager.o
                0x0800c3a4                bn::sprites_manager::hw_position(void*)
 .text._ZN2bn15sprites_manager9view_modeEPv
                0x0800c3a8        0xc bn_sprites_manager.o
                0x0800c3a8                bn::sprites_manager::view_mode(void*)
 .text._ZN2bn15sprites_manager10affine_matEPv
                0x0800c3b4        0x4 bn_sprites_manager.o
                0x0800c3b4                bn::sprites_manager::affine_mat(void*)
 .text._ZN2bn15sprites_manager39fill_hblank_effect_horizontal_positionsEPviPKNS_7fixed_tILi12EEEPt
                0x0800c3b8       0x44 bn_sprites_manager.o
                0x0800c3b8                bn::sprites_manager::fill_hblank_effect_horizontal_positions(void*, int, bn::fixed_t<12> const*, unsigned short*)
 .text._ZN2bn15sprites_manager37fill_hblank_effect_vertical_positionsEPviPKNS_7fixed_tILi12EEEPt
                0x0800c3fc       0x44 bn_sprites_manager.o
                0x0800c3fc                bn::sprites_manager::fill_hblank_effect_vertical_positions(void*, int, bn::fixed_t<12> const*, unsigned short*)
 .text._ZN2bn15sprites_manager35fill_hblank_effect_first_attributesEiNS_12sprite_shapeENS_8bpp_modeEiPKNS_23sprite_first_attributesEPt
                0x0800c440       0xdc bn_sprites_manager.o
                0x0800c440                bn::sprites_manager::fill_hblank_effect_first_attributes(int, bn::sprite_shape, bn::bpp_mode, int, bn::sprite_first_attributes const*, unsigned short*)
 .text._ZN2bn15sprites_manager44fill_hblank_effect_regular_second_attributesEPviNS_11sprite_sizeEPKNS_32sprite_regular_second_attributesEPt
                0x0800c51c       0x60 bn_sprites_manager.o
                0x0800c51c                bn::sprites_manager::fill_hblank_effect_regular_second_attributes(void*, int, bn::sprite_size, bn::sprite_regular_second_attributes const*, unsigned short*)
 .text._ZN2bn15sprites_manager43fill_hblank_effect_affine_second_attributesEPviNS_11sprite_sizeEPKNS_31sprite_affine_second_attributesEPt
                0x0800c57c       0x58 bn_sprites_manager.o
                0x0800c57c                bn::sprites_manager::fill_hblank_effect_affine_second_attributes(void*, int, bn::sprite_size, bn::sprite_affine_second_attributes const*, unsigned short*)
 .text._ZN2bn15sprites_manager14update_camerasEv
                0x0800c5d4       0x20 bn_sprites_manager.o
                0x0800c5d4                bn::sprites_manager::update_cameras()
 .text._ZN2bn15sprites_manager23update_auto_double_sizeEPv
                0x0800c5f4       0x2c bn_sprites_manager.o
                0x0800c5f4                bn::sprites_manager::update_auto_double_size(void*)
 .text._ZN2bn15sprites_manager6commitEb
                0x0800c620       0xa4 bn_sprites_manager.o
                0x0800c620                bn::sprites_manager::commit(bool)
 .text._ZNK2bn17sprite_shape_size11tiles_countENS_8bpp_modeE.isra.0
                0x0800c6c4      0x150 bn_sprites_manager.o
 .text._ZN2bn15sprites_manager12_GLOBAL__N_118_remove_affine_matERNS_20sprites_manager_itemE
                0x0800c814       0xe4 bn_sprites_manager.o
 .text._ZN2bn15sprites_manager42remove_identity_affine_mat_when_not_neededEPv
                0x0800c8f8        0xc bn_sprites_manager.o
                0x0800c8f8                bn::sprites_manager::remove_identity_affine_mat_when_not_needed(void*)
 .text._ZN2bn15sprites_manager7paletteEPv
                0x0800c904       0x34 bn_sprites_manager.o
                0x0800c904                bn::sprites_manager::palette(void*)
 .text._ZN2bn15sprites_manager6updateEv
                0x0800c938      0x158 bn_sprites_manager.o
                0x0800c938                bn::sprites_manager::update()
 .text._ZN3_bn6assert9show_argsIJA27_ciA4_ciEEEvPKcS5_S5_iDpRKT_
                0x0800ca90       0x58 bn_sprites_manager.o
                0x0800ca90                void _bn::assert::show_args<char [27], int, char [4], int>(char const*, char const*, char const*, int, char const (&) [27], int const&, char const (&) [4], int const&)
 .text._ZN2bn15sprites_manager35fill_hblank_effect_third_attributesENS_17sprite_shape_sizeEPKNS_23sprite_third_attributesEPt
                0x0800cae8       0xc4 bn_sprites_manager.o
                0x0800cae8                bn::sprites_manager::fill_hblank_effect_third_attributes(bn::sprite_shape_size, bn::sprite_third_attributes const*, unsigned short*)
 .text.startup._GLOBAL__sub_I__ZN2bn7sprites16used_items_countEv
                0x0800cbac       0xac bn_sprites_manager.o
 .text._ZN2bn13ostringstreamC2ERNS_12istring_baseE
                0x0800cc58        0x8 bn_sstream.o
                0x0800cc58                bn::ostringstream::ostringstream(bn::istring_base&)
                0x0800cc58                bn::ostringstream::ostringstream(bn::istring_base&)
 .text._ZNK2bn13ostringstream4sizeEv
                0x0800cc60        0x8 bn_sstream.o
                0x0800cc60                bn::ostringstream::size() const
 .text._ZN2bn13ostringstream6appendEPKc
                0x0800cc68       0x94 bn_sstream.o
                0x0800cc68                bn::ostringstream::append(char const*)
 .text._ZN2bn13ostringstream6appendEi
                0x0800ccfc       0xb0 bn_sstream.o
                0x0800ccfc                bn::ostringstream::append(int)
 .text._ZN2bn13ostringstream6appendERKNS_11string_viewE
                0x0800cdac       0x9c bn_sstream.o
                0x0800cdac                bn::ostringstream::append(bn::string_view const&)
 .text._ZN2bn13ostringstream6appendEj
                0x0800ce48       0xb0 bn_sstream.o
                0x0800ce48                bn::ostringstream::append(unsigned int)
 .text._ZN2bn13ostringstream6appendEPKv
                0x0800cef8      0x100 bn_sstream.o
                0x0800cef8                bn::ostringstream::append(void const*)
 .text._ZN2bn13ostringstream16_append_fractionEji
                0x0800cff8      0x114 bn_sstream.o
                0x0800cff8                bn::ostringstream::_append_fraction(unsigned int, int)
 .text._ZN2bn13ostringstream6appendEc
                0x0800d10c       0x44 bn_sstream.o
                0x0800d10c                bn::ostringstream::append(char)
 .text._ZN2bn18igeneric_pool_baseC2EPci
                0x0800d150       0x10 bn_translation_unit.o
                0x0800d150                bn::igeneric_pool_base::igeneric_pool_base(char*, int)
                0x0800d150                bn::igeneric_pool_base::igeneric_pool_base(char*, int)
 .text._ZN2bn18igeneric_pool_base5_freeEPc
                0x0800d160       0x10 bn_translation_unit.o
                0x0800d160                bn::igeneric_pool_base::_free(char*)
 .text._ZN2bn5timerC2Ev
                0x0800d170       0x24 bn_translation_unit.o
                0x0800d170                bn::timer::timer()
                0x0800d170                bn::timer::timer()
 .text._ZNK2bn5timer13elapsed_ticksEv
                0x0800d194       0x3c bn_translation_unit.o
                0x0800d194                bn::timer::elapsed_ticks() const
 .text._ZN2bn5timer7restartEv
                0x0800d1d0       0x24 bn_translation_unit.o
                0x0800d1d0                bn::timer::restart()
 .text._ZN2bn3logERKNS_12istring_baseE
                0x0800d1f4       0x58 bn_translation_unit.o
                0x0800d1f4                bn::log(bn::istring_base const&)
 .text._ZN2bn18igeneric_pool_baseD2Ev
                0x0800d24c       0x30 bn_translation_unit.o
                0x0800d24c                bn::igeneric_pool_base::~igeneric_pool_base()
                0x0800d24c                bn::igeneric_pool_base::~igeneric_pool_base()
 .text._ZN2bn18igeneric_pool_base9_allocateEv
                0x0800d27c       0x48 bn_translation_unit.o
                0x0800d27c                bn::igeneric_pool_base::_allocate()
 .text._ZN2bn2hw5audio12_GLOBAL__N_111static_dataD2Ev
                0x0800d2c4       0x18 bn_hw_audio.o
 .text._ZN2bn2hw5audio12_GLOBAL__N_17_commitEv
                0x0800d2dc       0x48 bn_hw_audio.o
 .text._ZN2bn2hw5audio12_GLOBAL__N_115_vblank_handlerEv
                0x0800d324       0x24 bn_hw_audio.o
 .text._ZN2bn2hw5audio4initEv
                0x0800d348       0x9c bn_hw_audio.o
                0x0800d348                bn::hw::audio::init()
 .text._ZN2bn2hw5audio7disableEv
                0x0800d3e4       0x34 bn_hw_audio.o
                0x0800d3e4                bn::hw::audio::disable()
 .text._ZN2bn2hw5audio13music_playingEv
                0x0800d418       0x20 bn_hw_audio.o
                0x0800d418                bn::hw::audio::music_playing()
 .text._ZN2bn2hw5audio10play_musicEib
                0x0800d438       0x1c bn_hw_audio.o
                0x0800d438                bn::hw::audio::play_music(int, bool)
 .text._ZN2bn2hw5audio10stop_musicEv
                0x0800d454       0x18 bn_hw_audio.o
                0x0800d454                bn::hw::audio::stop_music()
 .text._ZN2bn2hw5audio11pause_musicEv
                0x0800d46c       0x18 bn_hw_audio.o
                0x0800d46c                bn::hw::audio::pause_music()
 .text._ZN2bn2hw5audio12resume_musicEv
                0x0800d484       0x18 bn_hw_audio.o
                0x0800d484                bn::hw::audio::resume_music()
 .text._ZN2bn2hw5audio17dmg_music_playingEv
                0x0800d49c       0x2c bn_hw_audio.o
                0x0800d49c                bn::hw::audio::dmg_music_playing()
 .text._ZN2bn2hw5audio14stop_dmg_musicEv
                0x0800d4c8       0x28 bn_hw_audio.o
                0x0800d4c8                bn::hw::audio::stop_dmg_music()
 .text._ZN2bn2hw5audio15pause_dmg_musicEv
                0x0800d4f0       0x28 bn_hw_audio.o
                0x0800d4f0                bn::hw::audio::pause_dmg_music()
 .text._ZN2bn2hw5audio16resume_dmg_musicEv
                0x0800d518       0x28 bn_hw_audio.o
                0x0800d518                bn::hw::audio::resume_dmg_music()
 .text._ZN2bn2hw5audio18dmg_music_positionERiS2_
                0x0800d540       0x2c bn_hw_audio.o
                0x0800d540                bn::hw::audio::dmg_music_position(int&, int&)
 .text._ZN2bn2hw5audio6updateEv
                0x0800d56c       0x14 bn_hw_audio.o
                0x0800d56c                bn::hw::audio::update()
 .text._ZN3_bn6assert9show_argsIA47_ciEEvPKcS4_S4_iRKT_RKT0_
                0x0800d580       0x54 bn_hw_audio.o
                0x0800d580                void _bn::assert::show_args<char [47], int>(char const*, char const*, char const*, int, char const (&) [47], int const&)
 .text._ZN2bn2hw5audio14play_dmg_musicEPKvNS_14dmg_music_typeEib
                0x0800d5d4       0x8c bn_hw_audio.o
                0x0800d5d4                bn::hw::audio::play_dmg_music(void const*, bn::dmg_music_type, int, bool)
 .text._ZN2bn2hw5audio22set_dmg_music_positionEii
                0x0800d660       0x54 bn_hw_audio.o
                0x0800d660                bn::hw::audio::set_dmg_music_position(int, int)
 .text._ZN2bn2hw5audio20set_dmg_music_volumeEii
                0x0800d6b4       0x40 bn_hw_audio.o
                0x0800d6b4                bn::hw::audio::set_dmg_music_volume(int, int)
 .text._ZN3_bn6assert9show_argsIA20_cjEEvPKcS4_S4_iRKT_RKT0_
                0x0800d6f4       0x54 bn_hw_audio.o
                0x0800d6f4                void _bn::assert::show_args<char [20], unsigned int>(char const*, char const*, char const*, int, char const (&) [20], unsigned int const&)
 .text._ZN2bn2hw5audio6commitEv
                0x0800d748       0x58 bn_hw_audio.o
                0x0800d748                bn::hw::audio::commit()
 .text._ZN2bn2hw5audio12_GLOBAL__N_119_add_sound_to_queueEit
                0x0800d7a0       0xa0 bn_hw_audio.o
 .text._ZN2bn2hw5audio12_GLOBAL__N_123_erase_sound_from_queueEt
                0x0800d840       0x90 bn_hw_audio.o
 .text._ZN2bn2hw5audio10stop_soundEt
                0x0800d8d0       0x20 bn_hw_audio.o
                0x0800d8d0                bn::hw::audio::stop_sound(unsigned short)
 .text._ZN2bn2hw5audio13release_soundEt
                0x0800d8f0       0x20 bn_hw_audio.o
                0x0800d8f0                bn::hw::audio::release_sound(unsigned short)
 .text._ZN2bn2hw5audio15stop_all_soundsEv
                0x0800d910       0x68 bn_hw_audio.o
                0x0800d910                bn::hw::audio::stop_all_sounds()
 .text._ZN2bn2hw5audio12_GLOBAL__N_119_check_sounds_queueEv.part.0
                0x0800d978       0x98 bn_hw_audio.o
 .text._ZN2bn2hw5audio10play_soundEiiiii
                0x0800da10       0x48 bn_hw_audio.o
                0x0800da10                bn::hw::audio::play_sound(int, int, int, int, int)
 .text._ZN2bn2hw5audio10play_soundEii
                0x0800da58       0x34 bn_hw_audio.o
                0x0800da58                bn::hw::audio::play_sound(int, int)
 .text._ZN2bn2hw5audio19update_sounds_queueEv
                0x0800da8c       0x90 bn_hw_audio.o
                0x0800da8c                bn::hw::audio::update_sounds_queue()
 .text.startup._GLOBAL__sub_I__ZN2bn2hw5audio4initEv
                0x0800db1c       0x40 bn_hw_audio.o
 .text.__libc_init_array
                0x0800db5c       0x50 bn_hw_common.bn_noflto.o
                0x0800db5c                __libc_init_array
 .text.__aeabi_atexit
                0x0800dbac        0x4 bn_hw_common.bn_noflto.o
                0x0800dbac                __aeabi_atexit
 .text._ZN3_bn6assert9show_argsIA40_cEEvPKcS4_S4_iRKT_
                0x0800dbb0       0x48 bn_hw_common.bn_noflto.o
                0x0800dbb0                void _bn::assert::show_args<char [40]>(char const*, char const*, char const*, int, char const (&) [40])
 .text.__aeabi_idiv0
                0x0800dbf8       0x24 bn_hw_common.bn_noflto.o
                0x0800dbf8                __aeabi_idiv0
 .text._ZN2bn2hw3irq4initEv
                0x0800dc1c        0xc bn_hw_irq.o
                0x0800dc1c                bn::hw::irq::init()
 .text._ZN2bn2hw3irq7set_isrENS1_2idEPFvvE
                0x0800dc28       0x10 bn_hw_irq.o
                0x0800dc28                bn::hw::irq::set_isr(bn::hw::irq::id, void (*)())
 .text._ZN2bn2hw3irq6enableENS1_2idE
                0x0800dc38       0x10 bn_hw_irq.o
                0x0800dc38                bn::hw::irq::enable(bn::hw::irq::id)
 .text._ZN2bn2hw3irq7disableENS1_2idE
                0x0800dc48       0x10 bn_hw_irq.o
                0x0800dc48                bn::hw::irq::disable(bn::hw::irq::id)
 .text._ZN2bn2hw4link12_GLOBAL__N_119_resetStateCallbackEv
                0x0800dc58       0x4c bn_hw_link.o
 .text._ZN2bn2hw4link4initEv
                0x0800dca4      0x120 bn_hw_link.o
                0x0800dca4                bn::hw::link::init()
 .text._ZN2bn2hw4link6activeEv
                0x0800ddc4       0x10 bn_hw_link.o
                0x0800ddc4                bn::hw::link::active()
 .text._ZN2bn2hw4link7disableEv
                0x0800ddd4       0x6c bn_hw_link.o
                0x0800ddd4                bn::hw::link::disable()
 .text._ZN2bn2hw4link6commitEv
                0x0800de40       0x30 bn_hw_link.o
                0x0800de40                bn::hw::link::commit()
 .text._ZN2bn2hw4link11_timer_intrEv
                0x0800de70       0xf8 bn_hw_link.o
                0x0800de70                bn::hw::link::_timer_intr()
 .text._ZN2bn2hw4link12_serial_intrEv
                0x0800df68      0x1bc bn_hw_link.o
                0x0800df68                bn::hw::link::_serial_intr()
 .text._ZN2bn2hw4link12_GLOBAL__N_117_sendDataCallbackEv
                0x0800e124       0xe4 bn_hw_link.o
 .text._ZN2bn2hw4link12_GLOBAL__N_124_receiveResponseCallbackERKNS_2lc12LinkResponseE
                0x0800e208      0x15c bn_hw_link.o
 .text.startup._GLOBAL__sub_I__ZN2bn2hw4link4initEv
                0x0800e364       0x68 bn_hw_link.o
 .text._ZN2bn2hw6memory4initEv
                0x0800e3cc        0x4 bn_hw_memory.o
                0x0800e3cc                bn::hw::memory::init()
 .text._ZN2bn2hw8palettes8contrastEPKNS_5colorEiiPS2_
                0x0800e3d0       0x18 bn_hw_palettes.o
                0x0800e3d0                bn::hw::palettes::contrast(bn::color const*, int, int, bn::color*)
 .text._ZN2bn2hw8palettes9intensityEPKNS_5colorEiiPS2_
                0x0800e3e8       0x18 bn_hw_palettes.o
                0x0800e3e8                bn::hw::palettes::intensity(bn::color const*, int, int, bn::color*)
 .text._ZN2bn2hw8palettes9hue_shiftEPKNS_5colorEiiPS2_
                0x0800e400      0x14c bn_hw_palettes.o
                0x0800e400                bn::hw::palettes::hue_shift(bn::color const*, int, int, bn::color*)
 .text._ZN2bn2hw8palettes6rotateEPKNS_5colorEiiPS2_
                0x0800e54c       0x2c bn_hw_palettes.o
                0x0800e54c                bn::hw::palettes::rotate(bn::color const*, int, int, bn::color*)
 .text._ZN2bn2hw4show5errorERKNS_11system_fontERKNS_11string_viewES7_S7_iS7_S7_
                0x0800e578      0x3bc bn_hw_show.o
                0x0800e578                bn::hw::show::error(bn::system_font const&, bn::string_view const&, bn::string_view const&, bn::string_view const&, int, bn::string_view const&, bn::string_view const&)
 .text._ZN2bn2hw4sram4initEv
                0x0800e934       0x18 bn_hw_sram.o
                0x0800e934                bn::hw::sram::init()
 .text._ZN2bn11system_fontC2Ev
                0x0800e94c       0x18 bn_hw_system_font.o
                0x0800e94c                bn::system_font::system_font()
                0x0800e94c                bn::system_font::system_font()
 .text._ZNK2bn11system_font8tte_fontEv
                0x0800e964        0x4 bn_hw_system_font.o
                0x0800e964                bn::system_font::tte_font() const
 .text._ZN2bn2hw4text5parseEiRNS_5arrayIcLi32EEE
                0x0800e968       0xbc bn_hw_text.o
                0x0800e968                bn::hw::text::parse(int, bn::array<char, 32>&)
 .text._ZN2bn2hw4text5parseEjRNS_5arrayIcLi32EEE
                0x0800ea24       0xa0 bn_hw_text.o
                0x0800ea24                bn::hw::text::parse(unsigned int, bn::array<char, 32>&)
 .text._ZN2bn2hw4text5parseEPKvRNS_5arrayIcLi32EEE
                0x0800eac4       0x30 bn_hw_text.o
                0x0800eac4                bn::hw::text::parse(void const*, bn::array<char, 32>&)
 .text._Z7VgmStopv
                0x0800eaf4       0xc0 vgm.o
                0x0800eaf4                VgmStop()
 .text._Z7VgmPlayPKhb
                0x0800ebb4       0x28 vgm.o
                0x0800ebb4                VgmPlay(unsigned char const*, bool)
 .text._Z13VgmIntrVblankv
                0x0800ebdc       0x80 vgm.o
                0x0800ebdc                VgmIntrVblank()
 .text._Z9VgmActivev
                0x0800ec5c       0x10 vgm.o
                0x0800ec5c                VgmActive()
 .text._Z16VgmGetOffsetPlayv
                0x0800ec6c        0xc vgm.o
                0x0800ec6c                VgmGetOffsetPlay()
 .text._Z16VgmSetOffsetPlayj
                0x0800ec78       0x10 vgm.o
                0x0800ec78                VgmSetOffsetPlay(unsigned int)
 .text._Z8VgmPausev
                0x0800ec88       0x20 vgm.o
                0x0800ec88                VgmPause()
 .text._Z9VgmResumev
                0x0800eca8       0x18 vgm.o
                0x0800eca8                VgmResume()
 .text.clr_grayscale
                0x0800ecc0       0x78 tonc_color.o
                0x0800ecc0                clr_grayscale
 .text.sbmp16_rect
                0x0800ed38       0x6c tonc_sbmp16.o
                0x0800ed38                sbmp16_rect
 .text.bmp16_drawg_b1cts
                0x0800eda4       0xc0 bmp16_drawg_b1cs.o
                0x0800eda4                bmp16_drawg_b1cts
 .text.bmp16_erase
                0x0800ee64       0x24 tte_init_bmp.o
                0x0800ee64                bmp16_erase
 .text.tte_init_bmp
                0x0800ee88       0x60 tte_init_bmp.o
                0x0800ee88                tte_init_bmp
 .text.dummy_drawg
                0x0800eee8        0x4 tte_main.o
                0x0800eee8                dummy_drawg
 .text.dummy_erase
                0x0800eeec        0x4 tte_main.o
                0x0800eeec                dummy_erase
 .text.tte_init_base
                0x0800eef0       0x68 tte_main.o
                0x0800eef0                tte_init_base
 .text.utf8_decode_char
                0x0800ef58       0xb4 tte_main.o
                0x0800ef58                utf8_decode_char
 .text.tte_write
                0x0800f00c       0xe8 tte_main.o
                0x0800f00c                tte_write
 .text.tte_get_text_size
                0x0800f0f4       0xa4 tte_main.o
                0x0800f0f4                tte_get_text_size
 .text.tte_set_margins
                0x0800f198       0x18 tte_main.o
                0x0800f198                tte_set_margins
 .text.IRQ_Init
                0x0800f1b0       0x48 interrupts_gba.o
                0x0800f1b0                IRQ_Init
 .text.IRQ_SetHandler
                0x0800f1f8       0x10 interrupts_gba.o
                0x0800f1f8                IRQ_SetHandler
 .text.IRQ_Enable
                0x0800f208       0x64 interrupts_gba.o
                0x0800f208                IRQ_Enable
 .text.IRQ_Disable
                0x0800f26c       0x60 interrupts_gba.o
                0x0800f26c                IRQ_Disable
 .text.channel3_refresh_registers
                0x0800f2cc       0xd0 gbt_player.o
 .text.gbt_refresh_pattern_ptr
                0x0800f39c       0x84 gbt_player.o
 .text.gbt_ch1234_nop
                0x0800f420        0x4 gbt_player.o
 .text.gbt_ch1234_speed
                0x0800f424       0x10 gbt_player.o
 .text.gbt_ch1234_jump_pattern
                0x0800f434       0x14 gbt_player.o
 .text.gbt_ch1234_jump_position
                0x0800f448       0x1c gbt_player.o
 .text.gbt_ch1234_event
                0x0800f464       0x24 gbt_player.o
 .text.gbt_ch1_pan
                0x0800f488       0x10 gbt_player.o
 .text.gbt_ch1_cut_note
                0x0800f498       0x10 gbt_player.o
 .text.gbt_ch1_arpeggio
                0x0800f4a8       0x34 gbt_player.o
 .text.gbt_ch1_vibrato
                0x0800f4dc       0x20 gbt_player.o
 .text.gbt_ch1_volslide
                0x0800f4fc       0x10 gbt_player.o
 .text.gbt_ch2_pan
                0x0800f50c       0x10 gbt_player.o
 .text.gbt_ch2_cut_note
                0x0800f51c       0x10 gbt_player.o
 .text.gbt_ch2_arpeggio
                0x0800f52c       0x34 gbt_player.o
 .text.gbt_ch2_vibrato
                0x0800f560       0x20 gbt_player.o
 .text.gbt_ch2_volslide
                0x0800f580       0x10 gbt_player.o
 .text.gbt_ch3_pan
                0x0800f590       0x10 gbt_player.o
 .text.gbt_ch3_cut_note
                0x0800f5a0       0x10 gbt_player.o
 .text.gbt_ch3_arpeggio
                0x0800f5b0       0x34 gbt_player.o
 .text.gbt_ch3_vibrato
                0x0800f5e4       0x20 gbt_player.o
 .text.gbt_ch4_pan
                0x0800f604       0x14 gbt_player.o
 .text.gbt_ch4_cut_note
                0x0800f618       0x10 gbt_player.o
 .text.gbt_ch4_volslide
                0x0800f628       0x10 gbt_player.o
 .text.gbt_update_refresh_panning
                0x0800f638       0x50 gbt_player.o
 .text.gbt_run_startup_commands.part.0
                0x0800f688       0xd0 gbt_player.o
 .text.gbt_update_effects_internal
                0x0800f758      0x2d4 gbt_player.o
 .text.gbt_play
                0x0800fa2c      0x1dc gbt_player.o
                0x0800fa2c                gbt_play
 .text.gbt_volume
                0x0800fc08       0x68 gbt_player.o
                0x0800fc08                gbt_volume
 .text.gbt_is_playing
                0x0800fc70        0xc gbt_player.o
                0x0800fc70                gbt_is_playing
 .text.gbt_pause
                0x0800fc7c       0x48 gbt_player.o
                0x0800fc7c                gbt_pause
 .text.gbt_loop
                0x0800fcc4        0xc gbt_player.o
                0x0800fcc4                gbt_loop
 .text.gbt_stop
                0x0800fcd0       0x24 gbt_player.o
                0x0800fcd0                gbt_stop
 .text.gbt_update
                0x0800fcf4      0x64c gbt_player.o
                0x0800fcf4                gbt_update
 .text.gbt_get_position_unsafe
                0x08010340       0x24 gbt_player.o
                0x08010340                gbt_get_position_unsafe
 .text.gbt_set_position
                0x08010364       0xe0 gbt_player.o
                0x08010364                gbt_set_position
 .text.VBlankIntrWait
                0x08010444        0x4 tonc_bios.o
                0x08010444                VBlankIntrWait
 .text.memset16
                0x08010448       0x3c tonc_memset.o
                0x08010448                memset16
 .text          0x08010484      0x26c posprintf.o
                0x08010488                posprintf
 .text          0x080106f0      0x314 mm_effect.o
                0x080106f0                mmResetEffects
                0x0801071c                mmEffect
                0x08010732                mmEffectEx
                0x08010832                mmEffectActive
                0x08010866                mmEffectVolume
                0x08010882                mmEffectPanning
                0x08010896                mmEffectRate
                0x080108aa                mmEffectCancel
                0x080108e4                mmEffectRelease
                0x0801090a                mmEffectScaleRate
                0x0801091e                mmSetEffectsVolume
                0x0801092c                mmEffectCancelAll
                0x0801096c                mmUpdateEffects
 .text          0x08010a04       0x14 mm_main.o
                0x08010a04                mpp_call_r7
                0x08010a06                mpp_call_r1
                0x08010a08                mpp_call_r2
                0x08010a0a                mpp_call_r3
                0x08010a0c                mmSetEventHandler
 .text          0x08010a18     0x1570 mm_mas.o
                0x08010a8c                mmStart
                0x08010aac                mmJingle
                0x08010ab2                mmPlayModule
                0x08010b7c                mmPause
                0x08010b98                mmResume
                0x08010ba8                mmActive
                0x08010bae                mmActiveSub
                0x08010bb4                mmSetModuleVolume
                0x08010bc4                mmSetJingleVolume
                0x08010c00                mmGetPositionTick
                0x08010c06                mmGetPositionRow
                0x08010c0c                mmGetPosition
                0x08010c12                mmPosition
                0x08010c2c                mmSetModuleTempo
                0x08010c5e                mmSetModulePitch
                0x08010ca0                mmStop
                0x08010d66                mppUpdateSub
                0x08010ec2                mpp_Process_VolumeCommand
                0x080110fa                mpp_Process_Effect
                0x08011848                ST3_FREQTABLE
                0x08011c68                IT_PitchTable
 .text          0x08011f88      0x12c mm_main_gba.o
                0x08011f88                mmInit
                0x08011fdc                mmSetVBlankHandler
                0x08011fe2                mmFrame
 .text          0x080120b4      0x1e0 mm_mixer_gba.o
                0x080120b4                mmMixerSetSource
                0x080120c8                mmMixerSetRead
                0x080120d6                mmMixerSetFreq
                0x080120e6                mmMixerMulFreq
                0x080120fa                mmMixerStopChannel
                0x0801210c                mmMixerChannelActive
                0x0801211e                mmMixerSetVolume
                0x0801212c                mmMixerSetPan
                0x0801213a                mmMixerInit
 .text          0x08012294       0x3c /opt/devkitpro/devkitARM/bin/../lib/gcc/arm-none-eabi/14.1.0/thumb/libgcc.a(_call_via_rX.o)
                0x08012294                _call_via_r0
                0x08012298                _call_via_r1
                0x0801229c                _call_via_r2
                0x080122a0                _call_via_r3
                0x080122a4                _call_via_r4
                0x080122a8                _call_via_r5
                0x080122ac                _call_via_r6
                0x080122b0                _call_via_r7
                0x080122b4                _call_via_r8
                0x080122b8                _call_via_r9
                0x080122bc                _call_via_sl
                0x080122c0                _call_via_fp
                0x080122c4                _call_via_ip
                0x080122c8                _call_via_sp
                0x080122cc                _call_via_lr
 .text.__stub   0x080122d0      0x114 linker stubs
 *(.gnu.linkonce.t.*)
 *(.text.*personality*)
 *(.gnu.warning)
 *(.glue_7t)
 .glue_7t       0x08012420        0x0 linker stubs
 *(.glue_7)
 .glue_7        0x08012420        0x0 linker stubs
 *(.vfp11_veneer)
 .vfp11_veneer  0x08012420        0x0 linker stubs
                0x08012420                        . = ALIGN (0x4)
                0x08012420                        __text_end = .

.v4_bx          0x08012420        0x0
 .v4_bx         0x08012420        0x0 linker stubs

.iplt           0x08012420        0x0
 .iplt          0x08012420        0x0 /opt/devkitpro/devkitARM/bin/../lib/gcc/arm-none-eabi/14.1.0/../../../../arm-none-eabi/lib/thumb/gba_crt0.o

.fini           0x08012420        0xc
 *(.fini)
 .fini          0x08012420        0x4 /opt/devkitpro/devkitARM/bin/../lib/gcc/arm-none-eabi/14.1.0/thumb/crti.o
                0x08012420                _fini
 .fini          0x08012424        0x8 /opt/devkitpro/devkitARM/bin/../lib/gcc/arm-none-eabi/14.1.0/thumb/crtn.o
                0x0801242c                        . = ALIGN (0x4)

.rodata         0x0801242c    0x24b2c
 *(.rodata)
 .rodata        0x0801242c       0x80 palette_bn_gfx.o
                0x0801242c                palette_bn_gfxPal
 .rodata        0x080124ac     0x2540 territory_map_bn_gfx.o
                0x080124ac                territory_map_bn_gfxTiles
                0x0801416c                territory_map_bn_gfxMap
                0x0801496c                territory_map_bn_gfxPal
 .rodata        0x080149ec      0x140 tm_territory_markers_bn_gfx.o
                0x080149ec                tm_territory_markers_bn_gfxTiles
 .rodata        0x08014b2c       0x10 bn_sprite_tiles_manager.o
 .rodata        0x08014b3c       0x90 gbt_player.o
 .rodata        0x08014bcc      0xef8 verdana9.o
                0x08014bcc                verdana9Font
                0x08014be4                verdana9Glyphs
                0x080159e4                verdana9Widths
 *all.rodata*(*)
 *(.roda)
 *(.rodata.*)
 .rodata._bn_audio_soundbank_bin
                0x08015ac4    0x1ea9c _bn_audio_soundbank.bin.o
                0x08015ac4                _bn_audio_soundbank_bin
                0x08034560                _bn_audio_soundbank_bin_end
 .rodata.main.str1.4
                0x08034560     0x1959 main.o
                                 0xb6 (size before relaxing)
 *fill*         0x08035eb9        0x3 ff
 .rodata._ZN2bn16regular_bg_items13territory_mapE
                0x08035ebc       0x28 main.o
                0x08035ebc                bn::regular_bg_items::territory_map
 .rodata._ZN2bn22regular_bg_tiles_items20tm_territory_markersE
                0x08035ee4        0xc main.o
                0x08035ee4                bn::regular_bg_tiles_items::tm_territory_markers
 .rodata._ZN2bn16bg_palette_items7paletteE
                0x08035ef0        0xc main.o
                0x08035ef0                bn::bg_palette_items::palette
 .rodata._ZN2bn13audio_manager10play_musicENS_10music_itemENS_7fixed_tILi12EEEb.str1.4
                0x08035efc       0x49 bn_audio_manager.o
 .rodata._ZN2bn9dmg_music8positionEv.str1.4
                0x08035efc       0x31 bn_audio_manager.o
 .rodata._ZN2bn9dmg_music12set_positionEii.str1.4
                0x08035efc       0x76 bn_audio_manager.o
 .rodata._ZN2bn13audio_manager16execute_commandsEv.str1.4
                0x08035efc       0x5e bn_audio_manager.o
 .rodata._ZN2bn13audio_manager16execute_commandsEv
                0x08035efc       0x64 bn_audio_manager.o
 .rodata._ZN2bn18best_fit_allocatorD2Ev.str1.4
                0x08035f60       0x4b bn_best_fit_allocator.o
 .rodata._ZN2bn18best_fit_allocator5allocEi.str1.4
                0x08035f60       0x24 bn_best_fit_allocator.o
 .rodata._ZN2bn18best_fit_allocator5resetEPvi.str1.4
                0x08035f60       0x81 bn_best_fit_allocator.o
 .rodata._ZN2bn17bg_blocks_manager10log_statusEv.str1.4
                0x08035f60      0x125 bn_bg_blocks_manager.o
 .rodata._ZNK2bn19regular_bg_map_item10decompressENS_4spanItEE.str1.4
                0x08035f60      0x107 bn_bg_blocks_manager.o
 .rodata._ZN2bn17bg_blocks_manager12_GLOBAL__N_116_find_tiles_implEPKtNS_16compression_typeEib.str1.4
                0x08035f60       0x5a bn_bg_blocks_manager.o
 .rodata._ZN2bn17bg_blocks_manager17regular_map_tilesEi.str1.4
                0x08035f60       0x32 bn_bg_blocks_manager.o
 .rodata._ZN2bn17bg_blocks_manager14palette_offsetEi.str1.4
                0x08035f60        0xb bn_bg_blocks_manager.o
 .rodata._ZN2bn17bg_blocks_manager21set_regular_map_tilesEiONS_20regular_bg_tiles_ptrE.str1.4
                0x08035f60       0x82 bn_bg_blocks_manager.o
 .rodata._ZN2bn17bg_blocks_manager23set_regular_map_paletteEiONS_14bg_palette_ptrE.str1.4
                0x08035f60       0x8e bn_bg_blocks_manager.o
 .rodata._ZN2bn17bg_blocks_manager12_GLOBAL__N_112_create_itemEiibONS1_11create_dataE.str1.4
                0x08035f60       0x31 bn_bg_blocks_manager.o
 .rodata._ZN2bn17bg_blocks_manager20create_regular_tilesERKNS_21regular_bg_tiles_itemEb.str1.4
                0x08035f60       0x90 bn_bg_blocks_manager.o
 .rodata._ZN2bn17affine_bg_map_ptr4findERKNS_18affine_bg_map_itemERKNS_19affine_bg_tiles_ptrERKNS_14bg_palette_ptrEi.str1.4
                0x08035f60       0x98 bn_bg_blocks_manager.o
 .rodata._ZN2bn17bg_blocks_manager17create_affine_mapERKNS_18affine_bg_map_itemEPKhONS_19affine_bg_tiles_ptrEONS_14bg_palette_ptrEb.str1.4
                0x08035f60      0x12b bn_bg_blocks_manager.o
 .rodata._ZN2bn17bg_blocks_manager22create_new_regular_mapERKNS_19regular_bg_map_itemEPKtONS_20regular_bg_tiles_ptrEONS_14bg_palette_ptrEb.str1.4
                0x08035f60       0x8a bn_bg_blocks_manager.o
 .rodata._ZN2bn18regular_bg_map_ptr10create_newERKNS_19regular_bg_map_itemENS_20regular_bg_tiles_ptrENS_14bg_palette_ptrEi.str1.4
                0x08035f60       0x19 bn_bg_blocks_manager.o
 .rodata._ZN2bn17bg_blocks_manager6reloadEi.str1.4
                0x08035f60       0x19 bn_bg_blocks_manager.o
 .rodata._ZN2bn17bg_blocks_manager33set_regular_map_tiles_and_paletteEiONS_20regular_bg_tiles_ptrEONS_14bg_palette_ptrE.str1.4
                0x08035f60       0x99 bn_bg_blocks_manager.o
 .rodata._ZN2bn17bg_blocks_manager12_GLOBAL__N_122_find_regular_map_implERKNS_19regular_bg_map_itemEPKtRKNS_20regular_bg_tiles_ptrERKNS_14bg_palette_ptrE.str1.4
                0x08035f60       0x17 bn_bg_blocks_manager.o
 .rodata._ZN2bn17bg_blocks_manager18create_regular_mapERKNS_19regular_bg_map_itemEPKtONS_20regular_bg_tiles_ptrEONS_14bg_palette_ptrEb.str1.4
                0x08035f60       0x32 bn_bg_blocks_manager.o
 .rodata.str1.4
                0x08035f60       0x21 bn_bg_blocks_manager.o
 .rodata._ZN2bn17bg_blocks_manager12_GLOBAL__N_1L19_status_log_messageE
                0x08035f60        0x8 bn_bg_blocks_manager.o
 .rodata._ZN2bn11bgs_manager10dimensionsEPv.str1.4
                0x08035f68       0x4d bn_bgs_manager.o
 .rodata._ZN2bn11bgs_manager15rebuild_handlesEv.part.0.str1.4
                0x08035f68       0x67 bn_bgs_manager.o
 .rodata._ZN2bn18regular_bg_builder11release_mapEv.str1.4
                0x08035f68       0x32 bn_bgs_manager.o
 .rodata._ZN2bn11bgs_manager37fill_hblank_effect_regular_attributesEPvPKNS_21regular_bg_attributesEPt.str1.4
                0x08035f68       0x4c bn_bgs_manager.o
 .rodata._ZN2bn11bgs_manager15set_regular_mapEPvRKNS_18regular_bg_map_ptrE.str1.4